
Optional file libmchp_peripheral.a not found

Optional file libmchp_peripheral_32MX795F512L.a not found
Archive member included because of file (symbol)

c:/program files (x86)/microchip/xc32/v1.44/bin/bin/../../lib/gcc/pic32mx/4.8.3/../../../../pic32mx/lib\libpic32.a(memcmp.o)
                              build/default/production/_ext/449926602/ble_manager.o (memcmp)
c:/program files (x86)/microchip/xc32/v1.44/bin/bin/../../lib/gcc/pic32mx/4.8.3/../../../../pic32mx/lib\libpic32.a(memcpy.o)
                              build/default/production/_ext/449926602/ble_api.o (memcpy)
c:/program files (x86)/microchip/xc32/v1.44/bin/bin/../../lib/gcc/pic32mx/4.8.3/../../../../pic32mx/lib\libpic32.a(memset.o)
                              build/default/production/_ext/449926602/ble_manager.o (memset)
c:/program files (x86)/microchip/xc32/v1.44/bin/bin/../../lib/gcc/pic32mx/4.8.3/../../../../pic32mx/lib\libpic32.a(strlen.o)
                              build/default/production/_ext/1472/main.o (strlen)
c:/program files (x86)/microchip/xc32/v1.44/bin/bin/../../lib/gcc/pic32mx/4.8.3/../../../../pic32mx/lib\libpic32.a(default-bootstrap-exception-handler.o)
                              c:/program files (x86)/microchip/xc32/v1.44/bin/bin/../../lib/gcc/pic32mx/4.8.3/../../../../pic32mx/lib/./proc/32MX795F512L/crt0_mips32r2.o (_bootstrap_exception_handler)
c:/program files (x86)/microchip/xc32/v1.44/bin/bin/../../lib/gcc/pic32mx/4.8.3/../../../../pic32mx/lib\libpic32.a(default-on-reset.o)
                              c:/program files (x86)/microchip/xc32/v1.44/bin/bin/../../lib/gcc/pic32mx/4.8.3/../../../../pic32mx/lib/./proc/32MX795F512L/crt0_mips32r2.o (_on_reset)
c:/program files (x86)/microchip/xc32/v1.44/bin/bin/../../lib/gcc/pic32mx/4.8.3/../../../../pic32mx/lib\libpic32.a(default-on-bootstrap.o)
                              c:/program files (x86)/microchip/xc32/v1.44/bin/bin/../../lib/gcc/pic32mx/4.8.3/../../../../pic32mx/lib/./proc/32MX795F512L/crt0_mips32r2.o (_on_bootstrap)
c:/program files (x86)/microchip/xc32/v1.44/bin/bin/../../lib/gcc/pic32mx/4.8.3/../../../../pic32mx/lib\libpic32.a(default-nmi-handler.o)
                              c:/program files (x86)/microchip/xc32/v1.44/bin/bin/../../lib/gcc/pic32mx/4.8.3/../../../../pic32mx/lib/./proc/32MX795F512L/crt0_mips32r2.o (_nmi_handler)
c:/program files (x86)/microchip/xc32/v1.44/bin/bin/../../lib/gcc/pic32mx/4.8.3/../../../../pic32mx/lib\libpic32.a(general-exception.o)
                              c:/program files (x86)/microchip/xc32/v1.44/bin/bin/../../lib/gcc/pic32mx/4.8.3/../../../../pic32mx/lib/./proc/32MX795F512L/crt0_mips32r2.o (_general_exception_context)
c:/program files (x86)/microchip/xc32/v1.44/bin/bin/../../lib/gcc/pic32mx/4.8.3/../../../../pic32mx/lib\libpic32.a(vector0.o)
                              c:/program files (x86)/microchip/xc32/v1.44/bin/bin/../../lib/gcc/pic32mx/4.8.3/../../../../pic32mx/lib/./proc/32MX795F512L\default_isr_vectors.o (__vector_dispatch_0)
c:/program files (x86)/microchip/xc32/v1.44/bin/bin/../../lib/gcc/pic32mx/4.8.3/../../../../pic32mx/lib\libpic32.a(vector1.o)
                              c:/program files (x86)/microchip/xc32/v1.44/bin/bin/../../lib/gcc/pic32mx/4.8.3/../../../../pic32mx/lib/./proc/32MX795F512L\default_isr_vectors.o (__vector_dispatch_1)
c:/program files (x86)/microchip/xc32/v1.44/bin/bin/../../lib/gcc/pic32mx/4.8.3/../../../../pic32mx/lib\libpic32.a(vector2.o)
                              c:/program files (x86)/microchip/xc32/v1.44/bin/bin/../../lib/gcc/pic32mx/4.8.3/../../../../pic32mx/lib/./proc/32MX795F512L\default_isr_vectors.o (__vector_dispatch_2)
c:/program files (x86)/microchip/xc32/v1.44/bin/bin/../../lib/gcc/pic32mx/4.8.3/../../../../pic32mx/lib\libpic32.a(vector3.o)
                              c:/program files (x86)/microchip/xc32/v1.44/bin/bin/../../lib/gcc/pic32mx/4.8.3/../../../../pic32mx/lib/./proc/32MX795F512L\default_isr_vectors.o (__vector_dispatch_3)
c:/program files (x86)/microchip/xc32/v1.44/bin/bin/../../lib/gcc/pic32mx/4.8.3/../../../../pic32mx/lib\libpic32.a(vector5.o)
                              c:/program files (x86)/microchip/xc32/v1.44/bin/bin/../../lib/gcc/pic32mx/4.8.3/../../../../pic32mx/lib/./proc/32MX795F512L\default_isr_vectors.o (__vector_dispatch_5)
c:/program files (x86)/microchip/xc32/v1.44/bin/bin/../../lib/gcc/pic32mx/4.8.3/../../../../pic32mx/lib\libpic32.a(vector6.o)
                              c:/program files (x86)/microchip/xc32/v1.44/bin/bin/../../lib/gcc/pic32mx/4.8.3/../../../../pic32mx/lib/./proc/32MX795F512L\default_isr_vectors.o (__vector_dispatch_6)
c:/program files (x86)/microchip/xc32/v1.44/bin/bin/../../lib/gcc/pic32mx/4.8.3/../../../../pic32mx/lib\libpic32.a(vector7.o)
                              c:/program files (x86)/microchip/xc32/v1.44/bin/bin/../../lib/gcc/pic32mx/4.8.3/../../../../pic32mx/lib/./proc/32MX795F512L\default_isr_vectors.o (__vector_dispatch_7)
[...]
Memory Configuration

Name             Origin             Length             Attributes
kseg0_program_mem 0x9d000000         0x00080000         xr
kseg0_boot_mem   0x9fc00490         0x00000970
exception_mem    0x9fc01000         0x00001000
kseg1_boot_mem   0xbfc00000         0x00000490
debug_exec_mem   0xbfc02000         0x00000ff0
config3          0xbfc02ff0         0x00000004
config2          0xbfc02ff4         0x00000004
config1          0xbfc02ff8         0x00000004
config0          0xbfc02ffc         0x00000004
kseg1_data_mem   0xa0000000         0x00020000         w !x
sfrs             0xbf800000         0x00100000
configsfrs       0xbfc02ff0         0x00000010
*default*        0x00000000         0xffffffff

Linker script and memory map

LOAD c:/program files (x86)/microchip/xc32/v1.44/bin/bin/../../lib/gcc/pic32mx/4.8.3/../../../../pic32mx/lib/./proc/32MX795F512L/crt0_mips32r2.o
LOAD c:/program files (x86)/microchip/xc32/v1.44/bin/bin/../../lib/gcc/pic32mx/4.8.3/../../../../pic32mx/lib\debug-exception-return.o
LOAD build/default/production/_ext/449926602/ble_api.o
LOAD build/default/production/_ext/449926602/ble_manager.o
LOAD build/default/production/_ext/449926602/bm_application_mode.o
LOAD build/default/production/_ext/449926602/bm_program_mode.o
LOAD build/default/production/_ext/449926602/bm_utils.o
LOAD build/default/production/_ext/449926602/dfu_api.o
LOAD build/default/production/_ext/449926602/dfu_manager.o
LOAD build/default/production/_ext/449926602/event_mem.o
LOAD build/default/production/_ext/449926602/fifo.o
LOAD build/default/production/_ext/449926602/interface.o
LOAD build/default/production/_ext/449926602/memory.o
LOAD build/default/production/_ext/449926602/platform_pic.o
LOAD build/default/production/_ext/1819808422/clear_core_sw0_leg_lib.o
LOAD build/default/production/_ext/1819808422/clear_core_sw0_lib.o
LOAD build/default/production/_ext/1819808422/clear_core_sw1_leg_lib.o
LOAD build/default/production/_ext/1819808422/clear_core_sw1_lib.o
LOAD build/default/production/_ext/1819808422/int_configure_system_lib.o
LOAD build/default/production/_ext/1819808422/int_disable_interrupts_lib.o
LOAD build/default/production/_ext/1819808422/int_enable_interrupts_lib.o
LOAD build/default/production/_ext/1819808422/int_enable_mv_int_lib.o
LOAD build/default/production/_ext/1819808422/int_enable_sv_int_lib.o
LOAD build/default/production/_ext/1819808422/int_get_pending_int_lib.o
LOAD build/default/production/_ext/1819808422/int_restore_interrupts_lib.o
LOAD build/default/production/_ext/1819808422/int_set_ebase_lib.o
LOAD build/default/production/_ext/1819808422/int_set_ebase_vs_lib.o
LOAD build/default/production/_ext/1819808422/int_set_vector_spacing_lib.o
LOAD build/default/production/_ext/1819808422/int_tbl_5xx_6xx_7xx_lib.o
LOAD build/default/production/_ext/1819808422/int_tbl_legacy_lib.o
LOAD build/default/production/_ext/1819808422/int_tbl_lib.o
LOAD build/default/production/_ext/1819808422/int_tbl_lib_obs.o
LOAD build/default/production/_ext/1819808422/set_core_sw0_leg_lib.o
LOAD build/default/production/_ext/1819808422/set_core_sw0_lib.o
LOAD build/default/production/_ext/1819808422/set_core_sw1_leg_lib.o
LOAD build/default/production/_ext/1819808422/set_core_sw1_lib.o
LOAD build/default/production/_ext/1986190483/pcache.o
LOAD build/default/production/_ext/2046243727/uart_lib.o
LOAD build/default/production/_ext/8382566/time.o
LOAD build/default/production/_ext/8382566/uart_app.o
LOAD build/default/production/_ext/8382566/uart_drv.o
LOAD build/default/production/_ext/1472/main.o
                0x00000001                __MPLAB_BUILD = 0x1
                0x00000400                _min_heap_size = 0x400
LOAD c:/program files (x86)/microchip/xc32/v1.44/bin/bin/../../lib/gcc/pic32mx/4.8.3/../../../../pic32mx/lib/./proc/32MX795F512L\default_isr_vectors.o
LOAD c:/program files (x86)/microchip/xc32/v1.44/bin/bin/../../lib/gcc/pic32mx/4.8.3/../../../../pic32mx/lib\pic32_software_reset.o
                0x00000400                PROVIDE (_min_stack_size, 0x400)
LOAD c:/program files (x86)/microchip/xc32/v1.44/bin/bin/../../lib/gcc/pic32mx/4.8.3/../../../../pic32mx/lib/./proc/32MX795F512L\processor.o
START GROUP
LOAD libmchp_peripheral.a
END GROUP
START GROUP
LOAD libmchp_peripheral_32MX795F512L.a
END GROUP
                0x00000001                PROVIDE (_vector_spacing, 0x1)
                0x9fc01000                PROVIDE (_ebase_address, 0x9fc01000)
                0xbfc00000                _RESET_ADDR = 0xbfc00000
                0xbfc00380                _BEV_EXCPT_ADDR = 0xbfc00380
                0xbfc00480                _DBG_EXCPT_ADDR = 0xbfc00480
                0xbfc02000                _DBG_CODE_ADDR = 0xbfc02000
                0x00000ff0                _DBG_CODE_SIZE = 0xff0
                0x9fc01180                _GEN_EXCPT_ADDR = (_ebase_address + 0x180)

.config_BFC02FF0
 *(.config_BFC02FF0)

.config_BFC02FF4
                0xbfc02ff4        0x4
 *(.config_BFC02FF4)
 .config_BFC02FF4
                0xbfc02ff4        0x4 build/default/production/_ext/1472/main.o

.config_BFC02FF8
                0xbfc02ff8        0x4
 *(.config_BFC02FF8)
 .config_BFC02FF8
                0xbfc02ff8        0x4 build/default/production/_ext/1472/main.o

.config_BFC02FFC
 *(.config_BFC02FFC)
                0xbfc02000                PROVIDE (_DBG_CODE_ADDR, 0xbfc02000)
                0x00000ff0                PROVIDE (_DBG_CODE_SIZE, 0xff0)

.reset          0xbfc00000      0x208
 *(.reset)
 .reset         0xbfc00000        0x8 c:/program files (x86)/microchip/xc32/v1.44/bin/bin/../../lib/gcc/pic32mx/4.8.3/../../../../pic32mx/lib/./proc/32MX795F512L/crt0_mips32r2.o
                0xbfc00000                _reset
 *(.reset.startup)
 .reset.startup
                0xbfc00008      0x200 c:/program files (x86)/microchip/xc32/v1.44/bin/bin/../../lib/gcc/pic32mx/4.8.3/../../../../pic32mx/lib/./proc/32MX795F512L/crt0_mips32r2.o
                0xbfc00008                _startup

.bev_excpt      0xbfc00380       0x10
 *(.bev_handler)
 .bev_handler   0xbfc00380       0x10 c:/program files (x86)/microchip/xc32/v1.44/bin/bin/../../lib/gcc/pic32mx/4.8.3/../../../../pic32mx/lib/./proc/32MX795F512L/crt0_mips32r2.o

.dbg_excpt      0xbfc00480        0x0
                0xbfc00480                . = (. + DEFINED (_DEBUGGER)?0x8:0x0)

.dbg_code       0xbfc02000        0x0
                0xbfc02000                . = (. + DEFINED (_DEBUGGER)?_DBG_CODE_SIZE:0x0)

.app_excpt      0x9fc01180       0x10
 *(.gen_handler)
 .gen_handler   0x9fc01180       0x10 c:/program files (x86)/microchip/xc32/v1.44/bin/bin/../../lib/gcc/pic32mx/4.8.3/../../../../pic32mx/lib/./proc/32MX795F512L/crt0_mips32r2.o

.vector_0       0x9fc01200        0x8
 *(.vector_0)
 .vector_0      0x9fc01200        0x8 c:/program files (x86)/microchip/xc32/v1.44/bin/bin/../../lib/gcc/pic32mx/4.8.3/../../../../pic32mx/lib\libpic32.a(vector0.o)
                0x9fc01200                __vector_dispatch_0
                0x00000001                ASSERT (((_vector_spacing == 0x0) || (SIZEOF (.vector_0) <= (_vector_spacing << 0x5))), function at exception vector 0 too large)

.vector_1       0x9fc01220        0x8
 *(.vector_1)
 .vector_1      0x9fc01220        0x8 c:/program files (x86)/microchip/xc32/v1.44/bin/bin/../../lib/gcc/pic32mx/4.8.3/../../../../pic32mx/lib\libpic32.a(vector1.o)
                0x9fc01220                __vector_dispatch_1
                0x00000001                ASSERT (((_vector_spacing == 0x0) || (SIZEOF (.vector_1) <= (_vector_spacing << 0x5))), function at exception vector 1 too large)

.vector_2       0x9fc01240        0x8
 *(.vector_2)
 .vector_2      0x9fc01240        0x8 c:/program files (x86)/microchip/xc32/v1.44/bin/bin/../../lib/gcc/pic32mx/4.8.3/../../../../pic32mx/lib\libpic32.a(vector2.o)
                0x9fc01240                __vector_dispatch_2
                0x00000001                ASSERT (((_vector_spacing == 0x0) || (SIZEOF (.vector_2) <= (_vector_spacing << 0x5))), function at exception vector 2 too large)

.vector_3       0x9fc01260        0x8
 *(.vector_3)
 .vector_3      0x9fc01260        0x8 c:/program files (x86)/microchip/xc32/v1.44/bin/bin/../../lib/gcc/pic32mx/4.8.3/../../../../pic32mx/lib\libpic32.a(vector3.o)
                0x9fc01260                __vector_dispatch_3
                0x00000001                ASSERT (((_vector_spacing == 0x0) || (SIZEOF (.vector_3) <= (_vector_spacing << 0x5))), function at exception vector 3 too large)

.vector_4       0x9fc01280        0x8
 *(.vector_4)
 .vector_4      0x9fc01280        0x8 build/default/production/_ext/8382566/time.o
                0x9fc01280                __vector_dispatch_4
                0x00000001                ASSERT (((_vector_spacing == 0x0) || (SIZEOF (.vector_4) <= (_vector_spacing << 0x5))), function at exception vector 4 too large)

.vector_5       0x9fc012a0        0x8
 *(.vector_5)
 .vector_5      0x9fc012a0        0x8 c:/program files (x86)/microchip/xc32/v1.44/bin/bin/../../lib/gcc/pic32mx/4.8.3/../../../../pic32mx/lib\libpic32.a(vector5.o)
                0x9fc012a0                __vector_dispatch_5
                0x00000001                ASSERT (((_vector_spacing == 0x0) || (SIZEOF (.vector_5) <= (_vector_spacing << 0x5))), function at exception vector 5 too large)

.vector_6       0x9fc012c0        0x8
 *(.vector_6)
 .vector_6      0x9fc012c0        0x8 c:/program files (x86)/microchip/xc32/v1.44/bin/bin/../../lib/gcc/pic32mx/4.8.3/../../../../pic32mx/lib\libpic32.a(vector6.o)
                0x9fc012c0                __vector_dispatch_6
                0x00000001                ASSERT (((_vector_spacing == 0x0) || (SIZEOF (.vector_6) <= (_vector_spacing << 0x5))), function at exception vector 6 too large)

.vector_7       0x9fc012e0        0x8
 *(.vector_7)
 .vector_7      0x9fc012e0        0x8 c:/program files (x86)/microchip/xc32/v1.44/bin/bin/../../lib/gcc/pic32mx/4.8.3/../../../../pic32mx/lib\libpic32.a(vector7.o)
                0x9fc012e0                __vector_dispatch_7
                0x00000001                ASSERT (((_vector_spacing == 0x0) || (SIZEOF (.vector_7) <= (_vector_spacing << 0x5))), function at exception vector 7 too large)

.vector_8       0x9fc01300        0x8
 *(.vector_8)
 .vector_8      0x9fc01300        0x8 c:/program files (x86)/microchip/xc32/v1.44/bin/bin/../../lib/gcc/pic32mx/4.8.3/../../../../pic32mx/lib\libpic32.a(vector8.o)
                0x9fc01300                __vector_dispatch_8
                0x00000001                ASSERT (((_vector_spacing == 0x0) || (SIZEOF (.vector_8) <= (_vector_spacing << 0x5))), function at exception vector 8 too large)

.vector_9       0x9fc01320        0x8
 *(.vector_9)
 .vector_9      0x9fc01320        0x8 c:/program files (x86)/microchip/xc32/v1.44/bin/bin/../../lib/gcc/pic32mx/4.8.3/../../../../pic32mx/lib\libpic32.a(vector9.o)
                0x9fc01320                __vector_dispatch_9
                0x00000001                ASSERT (((_vector_spacing == 0x0) || (SIZEOF (.vector_9) <= (_vector_spacing << 0x5))), function at exception vector 9 too large)

.vector_10      0x9fc01340        0x8
 *(.vector_10)
 .vector_10     0x9fc01340        0x8 c:/program files (x86)/microchip/xc32/v1.44/bin/bin/../../lib/gcc/pic32mx/4.8.3/../../../../pic32mx/lib\libpic32.a(vector10.o)
                0x9fc01340                __vector_dispatch_10
                0x00000001                ASSERT (((_vector_spacing == 0x0) || (SIZEOF (.vector_10) <= (_vector_spacing << 0x5))), function at exception vector 10 too large)

.vector_11      0x9fc01360        0x8
 *(.vector_11)
 .vector_11     0x9fc01360        0x8 c:/program files (x86)/microchip/xc32/v1.44/bin/bin/../../lib/gcc/pic32mx/4.8.3/../../../../pic32mx/lib\libpic32.a(vector11.o)
                0x9fc01360                __vector_dispatch_11
                0x00000001                ASSERT (((_vector_spacing == 0x0) || (SIZEOF (.vector_11) <= (_vector_spacing << 0x5))), function at exception vector 11 too large)

.vector_12      0x9fc01380        0x8
 *(.vector_12)
 .vector_12     0x9fc01380        0x8 c:/program files (x86)/microchip/xc32/v1.44/bin/bin/../../lib/gcc/pic32mx/4.8.3/../../../../pic32mx/lib\libpic32.a(vector12.o)
                0x9fc01380                __vector_dispatch_12
                0x00000001                ASSERT (((_vector_spacing == 0x0) || (SIZEOF (.vector_12) <= (_vector_spacing << 0x5))), function at exception vector 12 too large)

.vector_13      0x9fc013a0        0x8
 *(.vector_13)
 .vector_13     0x9fc013a0        0x8 c:/program files (x86)/microchip/xc32/v1.44/bin/bin/../../lib/gcc/pic32mx/4.8.3/../../../../pic32mx/lib\libpic32.a(vector13.o)
                0x9fc013a0                __vector_dispatch_13
                0x00000001                ASSERT (((_vector_spacing == 0x0) || (SIZEOF (.vector_13) <= (_vector_spacing << 0x5))), function at exception vector 13 too large)

.vector_14      0x9fc013c0        0x8
 *(.vector_14)
 .vector_14     0x9fc013c0        0x8 c:/program files (x86)/microchip/xc32/v1.44/bin/bin/../../lib/gcc/pic32mx/4.8.3/../../../../pic32mx/lib\libpic32.a(vector14.o)
                0x9fc013c0                __vector_dispatch_14
                0x00000001                ASSERT (((_vector_spacing == 0x0) || (SIZEOF (.vector_14) <= (_vector_spacing << 0x5))), function at exception vector 14 too large)

.vector_15      0x9fc013e0        0x8
 *(.vector_15)
 .vector_15     0x9fc013e0        0x8 c:/program files (x86)/microchip/xc32/v1.44/bin/bin/../../lib/gcc/pic32mx/4.8.3/../../../../pic32mx/lib\libpic32.a(vector15.o)
                0x9fc013e0                __vector_dispatch_15
                0x00000001                ASSERT (((_vector_spacing == 0x0) || (SIZEOF (.vector_15) <= (_vector_spacing << 0x5))), function at exception vector 15 too large)

.vector_16      0x9fc01400        0x8
 *(.vector_16)
 .vector_16     0x9fc01400        0x8 c:/program files (x86)/microchip/xc32/v1.44/bin/bin/../../lib/gcc/pic32mx/4.8.3/../../../../pic32mx/lib\libpic32.a(vector16.o)
                0x9fc01400                __vector_dispatch_16
                0x00000001                ASSERT (((_vector_spacing == 0x0) || (SIZEOF (.vector_16) <= (_vector_spacing << 0x5))), function at exception vector 16 too large)

.vector_17      0x9fc01420        0x8
 *(.vector_17)
 .vector_17     0x9fc01420        0x8 c:/program files (x86)/microchip/xc32/v1.44/bin/bin/../../lib/gcc/pic32mx/4.8.3/../../../../pic32mx/lib\libpic32.a(vector17.o)
                0x9fc01420                __vector_dispatch_17
                0x00000001                ASSERT (((_vector_spacing == 0x0) || (SIZEOF (.vector_17) <= (_vector_spacing << 0x5))), function at exception vector 17 too large)

.vector_18      0x9fc01440        0x8
 *(.vector_18)
 .vector_18     0x9fc01440        0x8 c:/program files (x86)/microchip/xc32/v1.44/bin/bin/../../lib/gcc/pic32mx/4.8.3/../../../../pic32mx/lib\libpic32.a(vector18.o)
                0x9fc01440                __vector_dispatch_18
                0x00000001                ASSERT (((_vector_spacing == 0x0) || (SIZEOF (.vector_18) <= (_vector_spacing << 0x5))), function at exception vector 18 too large)

.vector_19      0x9fc01460        0x8
 *(.vector_19)
 .vector_19     0x9fc01460        0x8 c:/program files (x86)/microchip/xc32/v1.44/bin/bin/../../lib/gcc/pic32mx/4.8.3/../../../../pic32mx/lib\libpic32.a(vector19.o)
                0x9fc01460                __vector_dispatch_19
                0x00000001                ASSERT (((_vector_spacing == 0x0) || (SIZEOF (.vector_19) <= (_vector_spacing << 0x5))), function at exception vector 19 too large)

.vector_20      0x9fc01480        0x8
 *(.vector_20)
 .vector_20     0x9fc01480        0x8 c:/program files (x86)/microchip/xc32/v1.44/bin/bin/../../lib/gcc/pic32mx/4.8.3/../../../../pic32mx/lib\libpic32.a(vector20.o)
                0x9fc01480                __vector_dispatch_20
                0x00000001                ASSERT (((_vector_spacing == 0x0) || (SIZEOF (.vector_20) <= (_vector_spacing << 0x5))), function at exception vector 20 too large)

.vector_21      0x9fc014a0        0x8
 *(.vector_21)
 .vector_21     0x9fc014a0        0x8 c:/program files (x86)/microchip/xc32/v1.44/bin/bin/../../lib/gcc/pic32mx/4.8.3/../../../../pic32mx/lib\libpic32.a(vector21.o)
                0x9fc014a0                __vector_dispatch_21
                0x00000001                ASSERT (((_vector_spacing == 0x0) || (SIZEOF (.vector_21) <= (_vector_spacing << 0x5))), function at exception vector 21 too large)

.vector_22      0x9fc014c0        0x8
 *(.vector_22)
 .vector_22     0x9fc014c0        0x8 c:/program files (x86)/microchip/xc32/v1.44/bin/bin/../../lib/gcc/pic32mx/4.8.3/../../../../pic32mx/lib\libpic32.a(vector22.o)
                0x9fc014c0                __vector_dispatch_22
                0x00000001                ASSERT (((_vector_spacing == 0x0) || (SIZEOF (.vector_22) <= (_vector_spacing << 0x5))), function at exception vector 22 too large)

.vector_23      0x9fc014e0        0x8
 *(.vector_23)
 .vector_23     0x9fc014e0        0x8 c:/program files (x86)/microchip/xc32/v1.44/bin/bin/../../lib/gcc/pic32mx/4.8.3/../../../../pic32mx/lib\libpic32.a(vector23.o)
                0x9fc014e0                __vector_dispatch_23
                0x00000001                ASSERT (((_vector_spacing == 0x0) || (SIZEOF (.vector_23) <= (_vector_spacing << 0x5))), function at exception vector 23 too large)

.vector_24      0x9fc01500        0x8
 *(.vector_24)
 .vector_24     0x9fc01500        0x8 build/default/production/_ext/8382566/uart_drv.o
                0x9fc01500                __vector_dispatch_24
                0x00000001                ASSERT (((_vector_spacing == 0x0) || (SIZEOF (.vector_24) <= (_vector_spacing << 0x5))), function at exception vector 24 too large)

.vector_25      0x9fc01520        0x8
 *(.vector_25)
 .vector_25     0x9fc01520        0x8 c:/program files (x86)/microchip/xc32/v1.44/bin/bin/../../lib/gcc/pic32mx/4.8.3/../../../../pic32mx/lib\libpic32.a(vector25.o)
                0x9fc01520                __vector_dispatch_25
                0x00000001                ASSERT (((_vector_spacing == 0x0) || (SIZEOF (.vector_25) <= (_vector_spacing << 0x5))), function at exception vector 25 too large)

.vector_26      0x9fc01540        0x8
 *(.vector_26)
 .vector_26     0x9fc01540        0x8 c:/program files (x86)/microchip/xc32/v1.44/bin/bin/../../lib/gcc/pic32mx/4.8.3/../../../../pic32mx/lib\libpic32.a(vector26.o)
                0x9fc01540                __vector_dispatch_26
                0x00000001                ASSERT (((_vector_spacing == 0x0) || (SIZEOF (.vector_26) <= (_vector_spacing << 0x5))), function at exception vector 26 too large)

.vector_27      0x9fc01560        0x8
 *(.vector_27)
 .vector_27     0x9fc01560        0x8 c:/program files (x86)/microchip/xc32/v1.44/bin/bin/../../lib/gcc/pic32mx/4.8.3/../../../../pic32mx/lib\libpic32.a(vector27.o)
                0x9fc01560                __vector_dispatch_27
                0x00000001                ASSERT (((_vector_spacing == 0x0) || (SIZEOF (.vector_27) <= (_vector_spacing << 0x5))), function at exception vector 27 too large)

.vector_28      0x9fc01580        0x8
 *(.vector_28)
 .vector_28     0x9fc01580        0x8 c:/program files (x86)/microchip/xc32/v1.44/bin/bin/../../lib/gcc/pic32mx/4.8.3/../../../../pic32mx/lib\libpic32.a(vector28.o)
                0x9fc01580                __vector_dispatch_28
                0x00000001                ASSERT (((_vector_spacing == 0x0) || (SIZEOF (.vector_28) <= (_vector_spacing << 0x5))), function at exception vector 28 too large)

.vector_29      0x9fc015a0        0x8
 *(.vector_29)
 .vector_29     0x9fc015a0        0x8 c:/program files (x86)/microchip/xc32/v1.44/bin/bin/../../lib/gcc/pic32mx/4.8.3/../../../../pic32mx/lib\libpic32.a(vector29.o)
                0x9fc015a0                __vector_dispatch_29
                0x00000001                ASSERT (((_vector_spacing == 0x0) || (SIZEOF (.vector_29) <= (_vector_spacing << 0x5))), function at exception vector 29 too large)

.vector_30      0x9fc015c0        0x8
 *(.vector_30)
 .vector_30     0x9fc015c0        0x8 c:/program files (x86)/microchip/xc32/v1.44/bin/bin/../../lib/gcc/pic32mx/4.8.3/../../../../pic32mx/lib\libpic32.a(vector30.o)
                0x9fc015c0                __vector_dispatch_30
                0x00000001                ASSERT (((_vector_spacing == 0x0) || (SIZEOF (.vector_30) <= (_vector_spacing << 0x5))), function at exception vector 30 too large)

.vector_31      0x9fc015e0        0x8
 *(.vector_31)
 .vector_31     0x9fc015e0        0x8 c:/program files (x86)/microchip/xc32/v1.44/bin/bin/../../lib/gcc/pic32mx/4.8.3/../../../../pic32mx/lib\libpic32.a(vector31.o)
                0x9fc015e0                __vector_dispatch_31
                0x00000001                ASSERT (((_vector_spacing == 0x0) || (SIZEOF (.vector_31) <= (_vector_spacing << 0x5))), function at exception vector 31 too large)

.vector_32      0x9fc01600        0x8
 *(.vector_32)
 .vector_32     0x9fc01600        0x8 build/default/production/_ext/8382566/uart_drv.o
                0x9fc01600                __vector_dispatch_32
                0x00000001                ASSERT (((_vector_spacing == 0x0) || (SIZEOF (.vector_32) <= (_vector_spacing << 0x5))), function at exception vector 32 too large)

.vector_33      0x9fc01620        0x8
 *(.vector_33)
 .vector_33     0x9fc01620        0x8 c:/program files (x86)/microchip/xc32/v1.44/bin/bin/../../lib/gcc/pic32mx/4.8.3/../../../../pic32mx/lib\libpic32.a(vector33.o)
                0x9fc01620                __vector_dispatch_33
                0x00000001                ASSERT (((_vector_spacing == 0x0) || (SIZEOF (.vector_33) <= (_vector_spacing << 0x5))), function at exception vector 33 too large)

.vector_34      0x9fc01640        0x8
 *(.vector_34)
 .vector_34     0x9fc01640        0x8 c:/program files (x86)/microchip/xc32/v1.44/bin/bin/../../lib/gcc/pic32mx/4.8.3/../../../../pic32mx/lib\libpic32.a(vector34.o)
                0x9fc01640                __vector_dispatch_34
                0x00000001                ASSERT (((_vector_spacing == 0x0) || (SIZEOF (.vector_34) <= (_vector_spacing << 0x5))), function at exception vector 34 too large)

.vector_35      0x9fc01660        0x8
 *(.vector_35)
 .vector_35     0x9fc01660        0x8 c:/program files (x86)/microchip/xc32/v1.44/bin/bin/../../lib/gcc/pic32mx/4.8.3/../../../../pic32mx/lib\libpic32.a(vector35.o)
                0x9fc01660                __vector_dispatch_35
                0x00000001                ASSERT (((_vector_spacing == 0x0) || (SIZEOF (.vector_35) <= (_vector_spacing << 0x5))), function at exception vector 35 too large)

.vector_36      0x9fc01680        0x8
 *(.vector_36)
 .vector_36     0x9fc01680        0x8 c:/program files (x86)/microchip/xc32/v1.44/bin/bin/../../lib/gcc/pic32mx/4.8.3/../../../../pic32mx/lib\libpic32.a(vector36.o)
                0x9fc01680                __vector_dispatch_36
                0x00000001                ASSERT (((_vector_spacing == 0x0) || (SIZEOF (.vector_36) <= (_vector_spacing << 0x5))), function at exception vector 36 too large)

.vector_37      0x9fc016a0        0x8
 *(.vector_37)
 .vector_37     0x9fc016a0        0x8 c:/program files (x86)/microchip/xc32/v1.44/bin/bin/../../lib/gcc/pic32mx/4.8.3/../../../../pic32mx/lib\libpic32.a(vector37.o)
                0x9fc016a0                __vector_dispatch_37
                0x00000001                ASSERT (((_vector_spacing == 0x0) || (SIZEOF (.vector_37) <= (_vector_spacing << 0x5))), function at exception vector 37 too large)

.vector_38      0x9fc016c0        0x8
 *(.vector_38)
 .vector_38     0x9fc016c0        0x8 c:/program files (x86)/microchip/xc32/v1.44/bin/bin/../../lib/gcc/pic32mx/4.8.3/../../../../pic32mx/lib\libpic32.a(vector38.o)
                0x9fc016c0                __vector_dispatch_38
                0x00000001                ASSERT (((_vector_spacing == 0x0) || (SIZEOF (.vector_38) <= (_vector_spacing << 0x5))), function at exception vector 38 too large)

.vector_39      0x9fc016e0        0x8
 *(.vector_39)
 .vector_39     0x9fc016e0        0x8 c:/program files (x86)/microchip/xc32/v1.44/bin/bin/../../lib/gcc/pic32mx/4.8.3/../../../../pic32mx/lib\libpic32.a(vector39.o)
                0x9fc016e0                __vector_dispatch_39
                0x00000001                ASSERT (((_vector_spacing == 0x0) || (SIZEOF (.vector_39) <= (_vector_spacing << 0x5))), function at exception vector 39 too large)

.vector_40      0x9fc01700        0x8
 *(.vector_40)
 .vector_40     0x9fc01700        0x8 c:/program files (x86)/microchip/xc32/v1.44/bin/bin/../../lib/gcc/pic32mx/4.8.3/../../../../pic32mx/lib\libpic32.a(vector40.o)
                0x9fc01700                __vector_dispatch_40
                0x00000001                ASSERT (((_vector_spacing == 0x0) || (SIZEOF (.vector_40) <= (_vector_spacing << 0x5))), function at exception vector 40 too large)

.vector_41      0x9fc01720        0x8
 *(.vector_41)
 .vector_41     0x9fc01720        0x8 c:/program files (x86)/microchip/xc32/v1.44/bin/bin/../../lib/gcc/pic32mx/4.8.3/../../../../pic32mx/lib\libpic32.a(vector41.o)
                0x9fc01720                __vector_dispatch_41
                0x00000001                ASSERT (((_vector_spacing == 0x0) || (SIZEOF (.vector_41) <= (_vector_spacing << 0x5))), function at exception vector 41 too large)

.vector_42      0x9fc01740        0x8
 *(.vector_42)
 .vector_42     0x9fc01740        0x8 c:/program files (x86)/microchip/xc32/v1.44/bin/bin/../../lib/gcc/pic32mx/4.8.3/../../../../pic32mx/lib\libpic32.a(vector42.o)
                0x9fc01740                __vector_dispatch_42
                0x00000001                ASSERT (((_vector_spacing == 0x0) || (SIZEOF (.vector_42) <= (_vector_spacing << 0x5))), function at exception vector 42 too large)

.vector_43      0x9fc01760        0x8
 *(.vector_43)
 .vector_43     0x9fc01760        0x8 c:/program files (x86)/microchip/xc32/v1.44/bin/bin/../../lib/gcc/pic32mx/4.8.3/../../../../pic32mx/lib\libpic32.a(vector43.o)
                0x9fc01760                __vector_dispatch_43
                0x00000001                ASSERT (((_vector_spacing == 0x0) || (SIZEOF (.vector_43) <= (_vector_spacing << 0x5))), function at exception vector 43 too large)

.vector_44      0x9fc01780        0x8
 *(.vector_44)
 .vector_44     0x9fc01780        0x8 c:/program files (x86)/microchip/xc32/v1.44/bin/bin/../../lib/gcc/pic32mx/4.8.3/../../../../pic32mx/lib\libpic32.a(vector44.o)
                0x9fc01780                __vector_dispatch_44
                0x00000001                ASSERT (((_vector_spacing == 0x0) || (SIZEOF (.vector_44) <= (_vector_spacing << 0x5))), function at exception vector 44 too large)

.vector_45      0x9fc017a0        0x8
 *(.vector_45)
 .vector_45     0x9fc017a0        0x8 c:/program files (x86)/microchip/xc32/v1.44/bin/bin/../../lib/gcc/pic32mx/4.8.3/../../../../pic32mx/lib\libpic32.a(vector45.o)
                0x9fc017a0                __vector_dispatch_45
                0x00000001                ASSERT (((_vector_spacing == 0x0) || (SIZEOF (.vector_45) <= (_vector_spacing << 0x5))), function at exception vector 45 too large)

.vector_46      0x9fc017c0        0x8
 *(.vector_46)
 .vector_46     0x9fc017c0        0x8 c:/program files (x86)/microchip/xc32/v1.44/bin/bin/../../lib/gcc/pic32mx/4.8.3/../../../../pic32mx/lib\libpic32.a(vector46.o)
                0x9fc017c0                __vector_dispatch_46
                0x00000001                ASSERT (((_vector_spacing == 0x0) || (SIZEOF (.vector_46) <= (_vector_spacing << 0x5))), function at exception vector 46 too large)

.vector_47      0x9fc017e0        0x8
 *(.vector_47)
 .vector_47     0x9fc017e0        0x8 c:/program files (x86)/microchip/xc32/v1.44/bin/bin/../../lib/gcc/pic32mx/4.8.3/../../../../pic32mx/lib\libpic32.a(vector47.o)
                0x9fc017e0                __vector_dispatch_47
                0x00000001                ASSERT (((_vector_spacing == 0x0) || (SIZEOF (.vector_47) <= (_vector_spacing << 0x5))), function at exception vector 47 too large)

.vector_48      0x9fc01800        0x8
 *(.vector_48)
 .vector_48     0x9fc01800        0x8 c:/program files (x86)/microchip/xc32/v1.44/bin/bin/../../lib/gcc/pic32mx/4.8.3/../../../../pic32mx/lib\libpic32.a(vector48.o)
                0x9fc01800                __vector_dispatch_48
                0x00000001                ASSERT (((_vector_spacing == 0x0) || (SIZEOF (.vector_48) <= (_vector_spacing << 0x5))), function at exception vector 48 too large)

.vector_49      0x9fc01820        0x8
 *(.vector_49)
 .vector_49     0x9fc01820        0x8 c:/program files (x86)/microchip/xc32/v1.44/bin/bin/../../lib/gcc/pic32mx/4.8.3/../../../../pic32mx/lib\libpic32.a(vector49.o)
                0x9fc01820                __vector_dispatch_49
                0x00000001                ASSERT (((_vector_spacing == 0x0) || (SIZEOF (.vector_49) <= (_vector_spacing << 0x5))), function at exception vector 49 too large)

.vector_50      0x9fc01840        0x8
 *(.vector_50)
 .vector_50     0x9fc01840        0x8 c:/program files (x86)/microchip/xc32/v1.44/bin/bin/../../lib/gcc/pic32mx/4.8.3/../../../../pic32mx/lib\libpic32.a(vector50.o)
                0x9fc01840                __vector_dispatch_50
                0x00000001                ASSERT (((_vector_spacing == 0x0) || (SIZEOF (.vector_50) <= (_vector_spacing << 0x5))), function at exception vector 50 too large)

.vector_51      0x9fc01860        0x8
 *(.vector_51)
 .vector_51     0x9fc01860        0x8 c:/program files (x86)/microchip/xc32/v1.44/bin/bin/../../lib/gcc/pic32mx/4.8.3/../../../../pic32mx/lib\libpic32.a(vector51.o)
                0x9fc01860                __vector_dispatch_51
                0x00000001                ASSERT (((_vector_spacing == 0x0) || (SIZEOF (.vector_51) <= (_vector_spacing << 0x5))), function at exception vector 51 too large)

.vector_52      0x9fc01880        0x0
 *(.vector_52)
                0x00000001                ASSERT (((_vector_spacing == 0x0) || (SIZEOF (.vector_52) <= (_vector_spacing << 0x5))), function at exception vector 52 too large)

.vector_53      0x9fc018a0        0x0
 *(.vector_53)
                0x00000001                ASSERT (((_vector_spacing == 0x0) || (SIZEOF (.vector_53) <= (_vector_spacing << 0x5))), function at exception vector 53 too large)

.vector_54      0x9fc018c0        0x0
 *(.vector_54)
                0x00000001                ASSERT (((_vector_spacing == 0x0) || (SIZEOF (.vector_54) <= (_vector_spacing << 0x5))), function at exception vector 54 too large)

.vector_55      0x9fc018e0        0x0
 *(.vector_55)
                0x00000001                ASSERT (((_vector_spacing == 0x0) || (SIZEOF (.vector_55) <= (_vector_spacing << 0x5))), function at exception vector 55 too large)

.vector_56      0x9fc01900        0x0
 *(.vector_56)
                0x00000001                ASSERT (((_vector_spacing == 0x0) || (SIZEOF (.vector_56) <= (_vector_spacing << 0x5))), function at exception vector 56 too large)

.vector_57      0x9fc01920        0x0
 *(.vector_57)
                0x00000001                ASSERT (((_vector_spacing == 0x0) || (SIZEOF (.vector_57) <= (_vector_spacing << 0x5))), function at exception vector 57 too large)

.vector_58      0x9fc01940        0x0
 *(.vector_58)
                0x00000001                ASSERT (((_vector_spacing == 0x0) || (SIZEOF (.vector_58) <= (_vector_spacing << 0x5))), function at exception vector 58 too large)

.vector_59      0x9fc01960        0x0
 *(.vector_59)
                0x00000001                ASSERT (((_vector_spacing == 0x0) || (SIZEOF (.vector_59) <= (_vector_spacing << 0x5))), function at exception vector 59 too large)

.vector_60      0x9fc01980        0x0
 *(.vector_60)
                0x00000001                ASSERT (((_vector_spacing == 0x0) || (SIZEOF (.vector_60) <= (_vector_spacing << 0x5))), function at exception vector 60 too large)

.vector_61      0x9fc019a0        0x0
 *(.vector_61)
                0x00000001                ASSERT (((_vector_spacing == 0x0) || (SIZEOF (.vector_61) <= (_vector_spacing << 0x5))), function at exception vector 61 too large)

.vector_62      0x9fc019c0        0x0
 *(.vector_62)
                0x00000001                ASSERT (((_vector_spacing == 0x0) || (SIZEOF (.vector_62) <= (_vector_spacing << 0x5))), function at exception vector 62 too large)

.vector_63      0x9fc019e0        0x0
 *(.vector_63)
                0x00000001                ASSERT (((_vector_spacing == 0x0) || (SIZEOF (.vector_63) <= (_vector_spacing << 0x5))), function at exception vector 63 too large)

.startup
 *(.startup)

.text           0x9d000000        0x0
 *(.stub .gnu.linkonce.t.*)
 *(.text.*personality*)
 *(.mips16.fn.*)
 *(.mips16.call.*)
 *(.gnu.warning)
                0x9d000000                . = ALIGN (0x4)

.init           0x9d000000        0x0
 *crti.o(.init)
 *crtbegin.o(.init)
 *(EXCLUDE_FILE(*crtn.o *crtend?.o *crtend.o) .init)
 *crtend.o(.init)
 *crtn.o(.init)
                0x9d000000                . = ALIGN (0x4)

.fini           0x9d000000        0x0
 *(.fini)
                0x9d000000                . = ALIGN (0x4)

.preinit_array  0x9d000000        0x0
                0x9d000000                PROVIDE (__preinit_array_start, .)
 *(.preinit_array)
                0x9d000000                PROVIDE (__preinit_array_end, .)
                0x9d000000                . = ALIGN (0x4)

.init_array     0x9d000000        0x0
                0x9d000000                PROVIDE (__init_array_start, .)
 *(SORT(.init_array.*))
 *(.init_array)
                0x9d000000                PROVIDE (__init_array_end, .)
                0x9d000000                . = ALIGN (0x4)

.fini_array     0x9d000000        0x0
                0x9d000000                PROVIDE (__fini_array_start, .)
 *(SORT(.fini_array.*))
 *(.fini_array)
                0x9d000000                PROVIDE (__fini_array_end, .)
                0x9d000000                . = ALIGN (0x4)

.ctors          0x9d000000        0x0
 *crtbegin.o(.ctors)
 *crtbegin?.o(.ctors)
 *(EXCLUDE_FILE(*crtend?.o *crtend.o) .ctors)
 *(SORT(.ctors.*))
 *(.ctors)
                0x9d000000                . = ALIGN (0x4)

.dtors          0x9d000000        0x0
 *crtbegin.o(.dtors)
 *crtbegin?.o(.dtors)
 *(EXCLUDE_FILE(*crtend?.o *crtend.o) .dtors)
 *(SORT(.dtors.*))
 *(.dtors)
                0x9d000000                . = ALIGN (0x4)

.rodata         0x9d000000        0x0
 *(.gnu.linkonce.r.*)
 *(.rodata1)
                0x9d000000                . = ALIGN (0x4)

.sdata2         0x9fc00490        0x0
 *(.sdata2 .sdata2.* .gnu.linkonce.s2.*)
                0x9fc00490                . = ALIGN (0x4)

.sbss2          0x9fc00490        0x0
 *(.sbss2 .sbss2.* .gnu.linkonce.sb2.*)
                0x9fc00490                . = ALIGN (0x4)

.eh_frame_hdr
 *(.eh_frame_hdr)
                0x9fc00490                . = ALIGN (0x4)

.eh_frame
 *(.eh_frame)
                0x9fc00490                . = ALIGN (0x4)

.gcc_except_table
 *(.gcc_except_table .gcc_except_table.*)
                0x9fc00490                . = ALIGN (0x4)

.dbg_data       0xa0000000        0x0
                0xa0000000                . = (. + DEFINED (_DEBUGGER)?0x200:0x0)

.jcr            0xa0000000        0x0
 *(.jcr)
                0xa0000000                . = ALIGN (0x4)

.eh_frame
 *(.eh_frame)
                0xa0000000                . = ALIGN (0x4)

.gcc_except_table
 *(.gcc_except_table .gcc_except_table.*)
                0xa0000000                . = ALIGN (0x4)

.persist        0xa0000000        0x0
                0xa0000000                _persist_begin = .
 *(.persist .persist.*)
 *(.pbss .pbss.*)
                0xa0000000                . = ALIGN (0x4)
                0xa0000000                _persist_end = .

.data           0xa0000000        0x0
 *(.gnu.linkonce.d.*)
 *(.data1)
                0xa0000000                . = ALIGN (0x4)
                0xa0000000                . = .
                0xa0007ff0                _gp = (ALIGN (0x10) + 0x7ff0)

.got            0xa0000000        0x0
 *(.got.plt)
 *(.got)
                0xa0000000                . = ALIGN (0x4)

.sdata          0xa0000000       0x14
                0xa0000000                _sdata_begin = .
 *(.sdata .sdata.* .gnu.linkonce.s.*)
 .sdata         0xa0000000        0x8 build/default/production/_ext/449926602/bm_application_mode.o
                0xa0000000                appCmdPkt
 .sdata         0xa0000008        0x8 build/default/production/_ext/449926602/interface.o
                0xa000000c                ble_uart_send_sync
 .sdata         0xa0000010        0x4 c:/program files (x86)/microchip/xc32/v1.44/bin/bin/../../lib/gcc/pic32mx/4.8.3/../../../../pic32mx/lib\libpic32.a(xc32_uart.o)
                0xa0000010                __XC_UART
                0xa0000014                . = ALIGN (0x4)
                0xa0000014                _sdata_end = .

.lit8
 *(.lit8)

.lit4
 *(.lit4)
                0xa0000014                . = ALIGN (0x4)
                0xa0000014                _data_end = .
                0xa0000014                _bss_begin = .

.sbss           0xa0000014       0x88
                0xa0000014                _sbss_begin = .
 *(.dynsbss)
 *(.sbss .sbss.* .gnu.linkonce.sb.*)
 .sbss          0xa0000014        0x4 build/default/production/_ext/449926602/ble_api.o
                0xa0000014                application_cmdpkt
 .sbss          0xa0000018        0x4 build/default/production/_ext/449926602/ble_manager.o
                0xa0000018                ble_mgr_state
 .sbss          0xa000001c       0x10 build/default/production/_ext/449926602/bm_application_mode.o
                0xa0000028                appByteTimeout
 .sbss          0xa000002c       0x10 build/default/production/_ext/449926602/bm_program_mode.o
 .sbss          0xa000003c        0x8 build/default/production/_ext/449926602/dfu_api.o
                0xa000003c                program_cmdpkt
 .sbss          0xa0000044       0x18 build/default/production/_ext/449926602/interface.o
 .sbss          0xa000005c        0xc build/default/production/_ext/449926602/platform_pic.o
 .sbss          0xa0000068       0x10 build/default/production/_ext/8382566/time.o
 *(.scommon)
 .scommon       0xa0000078        0x4 build/default/production/_ext/449926602/ble_manager.o
                0xa0000078                g_index
                0xa000007a                g_dataLen
 .scommon       0xa000007c        0x8 build/default/production/_ext/449926602/interface.o
                0xa000007c                ble_uart_receive_async
                0xa0000080                platform
 .scommon       0xa0000084       0x14 build/default/production/_ext/449926602/memory.o
                0xa0000084                mem_pool_base_addr
                0xa0000088                max_count
                0xa000008c                mem_pool_size
                0xa0000090                tail
                0xa0000094                head
 .scommon       0xa0000098        0x4 build/default/production/_ext/8382566/time.o
                0xa0000098                TimeCallback
                0xa000009c                _sbss_end = .
                0xa000009c                . = ALIGN (0x4)

.bss            0xa000009c      0xa78
 *(.dynbss)
 *(COMMON)
 COMMON         0xa000009c      0x677 build/default/production/_ext/449926602/ble_manager.o
                0xa000009c                event_mem
                0xa0000114                event_payload
                0xa0000514                g_tmpBuffer
 *fill*         0xa0000713        0x1 
 COMMON         0xa0000714      0x3ff build/default/production/_ext/449926602/bm_application_mode.o
                0xa0000714                appRspData
                0xa0000914                appDataCmdPkt
                0xa0000b14                . = ALIGN ((. != 0x0)?0x4:0x1)
 *fill*         0xa0000b13        0x1 
                0xa0000b14                . = ALIGN (0x4)
                0xa0000b14                _end = .
                0xa0000b14                _bss_end = .
                0x00020000                _bmxdudba_address = 0x20000
                0x00020000                _bmxdupba_address = 0x20000

/DISCARD/
 *(.pdr)
 *(.rel.dyn)
 *(.note.GNU-stack)
 *(.note.GNU-stack)
 *(.gnu_debuglink)
 *(.gnu.lto_*)
 *(.discard)

.gptab.sdata
 *(.gptab.data)
 *(.gptab.sdata)

.gptab.sbss
 *(.gptab.bss)
 *(.gptab.sbss)

.mdebug.abi32   0xa0000b14        0x0
 *(.mdebug.abi32)
 .mdebug.abi32  0xa0000b14        0x0 build/default/production/_ext/449926602/ble_api.o
 .mdebug.abi32  0xa0000b14        0x0 build/default/production/_ext/449926602/ble_manager.o
 .mdebug.abi32  0xa0000b14        0x0 build/default/production/_ext/449926602/bm_application_mode.o
 .mdebug.abi32  0xa0000b14        0x0 build/default/production/_ext/449926602/bm_program_mode.o
 .mdebug.abi32  0xa0000b14        0x0 build/default/production/_ext/449926602/bm_utils.o
 .mdebug.abi32  0xa0000b14        0x0 build/default/production/_ext/449926602/dfu_api.o
 .mdebug.abi32  0xa0000b14        0x0 build/default/production/_ext/449926602/dfu_manager.o
 .mdebug.abi32  0xa0000b14        0x0 build/default/production/_ext/449926602/event_mem.o
 .mdebug.abi32  0xa0000b14        0x0 build/default/production/_ext/449926602/fifo.o
 .mdebug.abi32  0xa0000b14        0x0 build/default/production/_ext/449926602/interface.o
 .mdebug.abi32  0xa0000b14        0x0 build/default/production/_ext/449926602/memory.o
 .mdebug.abi32  0xa0000b14        0x0 build/default/production/_ext/449926602/platform_pic.o
 .mdebug.abi32  0xa0000b14        0x0 build/default/production/_ext/1819808422/clear_core_sw0_leg_lib.o
 .mdebug.abi32  0xa0000b14        0x0 build/default/production/_ext/1819808422/clear_core_sw0_lib.o
 .mdebug.abi32  0xa0000b14        0x0 build/default/production/_ext/1819808422/clear_core_sw1_leg_lib.o
 .mdebug.abi32  0xa0000b14        0x0 build/default/production/_ext/1819808422/clear_core_sw1_lib.o
 .mdebug.abi32  0xa0000b14        0x0 build/default/production/_ext/1819808422/int_configure_system_lib.o
 .mdebug.abi32  0xa0000b14        0x0 build/default/production/_ext/1819808422/int_disable_interrupts_lib.o
 .mdebug.abi32  0xa0000b14        0x0 build/default/production/_ext/1819808422/int_enable_interrupts_lib.o
 .mdebug.abi32  0xa0000b14        0x0 build/default/production/_ext/1819808422/int_enable_mv_int_lib.o
 .mdebug.abi32  0xa0000b14        0x0 build/default/production/_ext/1819808422/int_enable_sv_int_lib.o
 .mdebug.abi32  0xa0000b14        0x0 build/default/production/_ext/1819808422/int_get_pending_int_lib.o
 .mdebug.abi32  0xa0000b14        0x0 build/default/production/_ext/1819808422/int_restore_interrupts_lib.o
 .mdebug.abi32  0xa0000b14        0x0 build/default/production/_ext/1819808422/int_set_ebase_lib.o
 .mdebug.abi32  0xa0000b14        0x0 build/default/production/_ext/1819808422/int_set_ebase_vs_lib.o
 .mdebug.abi32  0xa0000b14        0x0 build/default/production/_ext/1819808422/int_set_vector_spacing_lib.o
 .mdebug.abi32  0xa0000b14        0x0 build/default/production/_ext/1819808422/int_tbl_5xx_6xx_7xx_lib.o
 .mdebug.abi32  0xa0000b14        0x0 build/default/production/_ext/1819808422/int_tbl_legacy_lib.o
 .mdebug.abi32  0xa0000b14        0x0 build/default/production/_ext/1819808422/int_tbl_lib.o
 .mdebug.abi32  0xa0000b14        0x0 build/default/production/_ext/1819808422/int_tbl_lib_obs.o
 .mdebug.abi32  0xa0000b14        0x0 build/default/production/_ext/1819808422/set_core_sw0_leg_lib.o
 .mdebug.abi32  0xa0000b14        0x0 build/default/production/_ext/1819808422/set_core_sw0_lib.o
 .mdebug.abi32  0xa0000b14        0x0 build/default/production/_ext/1819808422/set_core_sw1_leg_lib.o
 .mdebug.abi32  0xa0000b14        0x0 build/default/production/_ext/1819808422/set_core_sw1_lib.o
 .mdebug.abi32  0xa0000b14        0x0 build/default/production/_ext/1986190483/pcache.o
 .mdebug.abi32  0xa0000b14        0x0 build/default/production/_ext/2046243727/uart_lib.o
 .mdebug.abi32  0xa0000b14        0x0 build/default/production/_ext/8382566/time.o
 .mdebug.abi32  0xa0000b14        0x0 build/default/production/_ext/8382566/uart_app.o
 .mdebug.abi32  0xa0000b14        0x0 build/default/production/_ext/8382566/uart_drv.o
 .mdebug.abi32  0xa0000b14        0x0 build/default/production/_ext/1472/main.o
 .mdebug.abi32  0xa0000b14        0x0 c:/program files (x86)/microchip/xc32/v1.44/bin/bin/../../lib/gcc/pic32mx/4.8.3/../../../../pic32mx/lib\libpic32.a(default-bootstrap-exception-handler.o)
 .mdebug.abi32  0xa0000b14        0x0 c:/program files (x86)/microchip/xc32/v1.44/bin/bin/../../lib/gcc/pic32mx/4.8.3/../../../../pic32mx/lib\libpic32.a(default-on-reset.o)
 .mdebug.abi32  0xa0000b14        0x0 c:/program files (x86)/microchip/xc32/v1.44/bin/bin/../../lib/gcc/pic32mx/4.8.3/../../../../pic32mx/lib\libpic32.a(default-on-bootstrap.o)
 .mdebug.abi32  0xa0000b14        0x0 c:/program files (x86)/microchip/xc32/v1.44/bin/bin/../../lib/gcc/pic32mx/4.8.3/../../../../pic32mx/lib\libpic32.a(default-general-exception-handler.o)
 .mdebug.abi32  0xa0000b14        0x0 c:/program files (x86)/microchip/xc32/v1.44/bin/bin/../../lib/gcc/pic32mx/4.8.3/../../../../pic32mx/lib\libpic32.a(defaultinterrupt.o)
 .mdebug.abi32  0xa0000b14        0x0 c:/program files (x86)/microchip/xc32/v1.44/bin/bin/../../lib/gcc/pic32mx/4.8.3/../../../../pic32mx/lib\libc.a(printf_cdnopuxX.eo)
 .mdebug.abi32  0xa0000b14        0x0 c:/program files (x86)/microchip/xc32/v1.44/bin/bin/../../lib/gcc/pic32mx/4.8.3/../../../../pic32mx/lib\libc.a(_iob.o)
 .mdebug.abi32  0xa0000b14        0x0 c:/program files (x86)/microchip/xc32/v1.44/bin/bin/../../lib/gcc/pic32mx/4.8.3/../../../../pic32mx/lib\libc.a(doprnt_cdnopuxX.eo)
 .mdebug.abi32  0xa0000b14        0x0 c:/program files (x86)/microchip/xc32/v1.44/bin/bin/../../lib/gcc/pic32mx/4.8.3/../../../../pic32mx/lib\libc.a(_fputc_simple.o)
 .mdebug.abi32  0xa0000b14        0x0 c:/program files (x86)/microchip/xc32/v1.44/bin/bin/../../lib/gcc/pic32mx/4.8.3/../../../../pic32mx/lib\libc.a(ctype.o)
 .mdebug.abi32  0xa0000b14        0x0 c:/program files (x86)/microchip/xc32/v1.44/bin/bin/../../lib/gcc/pic32mx/4.8.3/../../../../pic32mx/lib\libc.a(_flsbuf_simple.o)
 .mdebug.abi32  0xa0000b14        0x0 c:/program files (x86)/microchip/xc32/v1.44/bin/bin/../../lib/gcc/pic32mx/4.8.3\libgcc.a(_udivdi3.o)
 .mdebug.abi32  0xa0000b14        0x0 c:/program files (x86)/microchip/xc32/v1.44/bin/bin/../../lib/gcc/pic32mx/4.8.3\libgcc.a(_umoddi3.o)
 .mdebug.abi32  0xa0000b14        0x0 c:/program files (x86)/microchip/xc32/v1.44/bin/bin/../../lib/gcc/pic32mx/4.8.3/../../../../pic32mx/lib\libpic32.a(write.o)
 .mdebug.abi32  0xa0000b14        0x0 c:/program files (x86)/microchip/xc32/v1.44/bin/bin/../../lib/gcc/pic32mx/4.8.3/../../../../pic32mx/lib\libpic32.a(_mon_putc.o)
 .mdebug.abi32  0xa0000b14        0x0 c:/program files (x86)/microchip/xc32/v1.44/bin/bin/../../lib/gcc/pic32mx/4.8.3/../../../../pic32mx/lib\libpic32.a(xc32_uart.o)

.mdebug.abiN32
 *(.mdebug.abiN32)

.mdebug.abi64
 *(.mdebug.abi64)

.mdebug.abiO64
 *(.mdebug.abiO64)

.mdebug.eabi32
 *(.mdebug.eabi32)

.mdebug.eabi64
 *(.mdebug.eabi64)

.gcc_compiled_long32
 *(.gcc_compiled_long32)

.gcc_compiled_long64
 *(.gcc_compiled_long64)

.stab
 *(.stab)

.stabstr
 *(.stabstr)

.stab.excl
 *(.stab.excl)

.stab.exclstr
 *(.stab.exclstr)

.stab.index
 *(.stab.index)

.stab.indexstr
 *(.stab.indexstr)

.comment        0x00000000       0xd3
 *(.comment)
 .comment       0x00000000       0x3c build/default/production/_ext/449926602/ble_api.o
                                 0x3d (size before relaxing)
 .comment       0x00000000       0x3d build/default/production/_ext/449926602/ble_manager.o
 .comment       0x00000000       0x3d build/default/production/_ext/449926602/bm_application_mode.o
 .comment       0x00000000       0x3d build/default/production/_ext/449926602/bm_program_mode.o
 .comment       0x00000000       0x3d build/default/production/_ext/449926602/bm_utils.o
 .comment       0x00000000       0x3d build/default/production/_ext/449926602/dfu_api.o
 .comment       0x00000000       0x3d build/default/production/_ext/449926602/dfu_manager.o
 .comment       0x00000000       0x3d build/default/production/_ext/449926602/event_mem.o
 .comment       0x00000000       0x3d build/default/production/_ext/449926602/fifo.o
 .comment       0x00000000       0x3d build/default/production/_ext/449926602/interface.o
 .comment       0x00000000       0x3d build/default/production/_ext/449926602/memory.o
 .comment       0x00000000       0x3d build/default/production/_ext/449926602/platform_pic.o
 .comment       0x00000000       0x3d build/default/production/_ext/1819808422/clear_core_sw0_leg_lib.o
 .comment       0x00000000       0x3d build/default/production/_ext/1819808422/clear_core_sw0_lib.o
 .comment       0x00000000       0x3d build/default/production/_ext/1819808422/clear_core_sw1_leg_lib.o
 .comment       0x00000000       0x3d build/default/production/_ext/1819808422/clear_core_sw1_lib.o
 .comment       0x00000000       0x3d build/default/production/_ext/1819808422/int_configure_system_lib.o
 .comment       0x00000000       0x3d build/default/production/_ext/1819808422/int_disable_interrupts_lib.o
 .comment       0x00000000       0x3d build/default/production/_ext/1819808422/int_enable_interrupts_lib.o
 .comment       0x00000000       0x3d build/default/production/_ext/1819808422/int_enable_mv_int_lib.o
 .comment       0x00000000       0x3d build/default/production/_ext/1819808422/int_enable_sv_int_lib.o
 .comment       0x00000000       0x3d build/default/production/_ext/1819808422/int_get_pending_int_lib.o
 .comment       0x00000000       0x3d build/default/production/_ext/1819808422/int_restore_interrupts_lib.o
 .comment       0x00000000       0x3d build/default/production/_ext/1819808422/int_set_ebase_lib.o
 .comment       0x00000000       0x3d build/default/production/_ext/1819808422/int_set_ebase_vs_lib.o
 .comment       0x00000000       0x3d build/default/production/_ext/1819808422/int_set_vector_spacing_lib.o
 .comment       0x00000000       0x3d build/default/production/_ext/1819808422/int_tbl_5xx_6xx_7xx_lib.o
 .comment       0x00000000       0x3d build/default/production/_ext/1819808422/int_tbl_legacy_lib.o
 .comment       0x00000000       0x3d build/default/production/_ext/1819808422/int_tbl_lib.o
 .comment       0x00000000       0x3d build/default/production/_ext/1819808422/int_tbl_lib_obs.o
 .comment       0x00000000       0x3d build/default/production/_ext/1819808422/set_core_sw0_leg_lib.o
 .comment       0x00000000       0x3d build/default/production/_ext/1819808422/set_core_sw0_lib.o
 .comment       0x00000000       0x3d build/default/production/_ext/1819808422/set_core_sw1_leg_lib.o
 .comment       0x00000000       0x3d build/default/production/_ext/1819808422/set_core_sw1_lib.o
 .comment       0x00000000       0x3d build/default/production/_ext/1986190483/pcache.o
 .comment       0x00000000       0x3d build/default/production/_ext/2046243727/uart_lib.o
 .comment       0x00000000       0x3d build/default/production/_ext/8382566/time.o
 .comment       0x00000000       0x3d build/default/production/_ext/8382566/uart_app.o
 .comment       0x00000000       0x3d build/default/production/_ext/8382566/uart_drv.o
 .comment       0x00000000       0x3d build/default/production/_ext/1472/main.o
 .comment       0x0000003c       0x18 c:/program files (x86)/microchip/xc32/v1.44/bin/bin/../../lib/gcc/pic32mx/4.8.3/../../../../pic32mx/lib\libpic32.a(memcmp.o)
                                 0x19 (size before relaxing)
 .comment       0x00000054       0x18 c:/program files (x86)/microchip/xc32/v1.44/bin/bin/../../lib/gcc/pic32mx/4.8.3/../../../../pic32mx/lib\libpic32.a(memset.o)
                                 0x19 (size before relaxing)
 .comment       0x0000006c       0x19 c:/program files (x86)/microchip/xc32/v1.44/bin/bin/../../lib/gcc/pic32mx/4.8.3/../../../../pic32mx/lib\libpic32.a(strlen.o)
                                 0x1a (size before relaxing)
 .comment       0x00000000       0x3d c:/program files (x86)/microchip/xc32/v1.44/bin/bin/../../lib/gcc/pic32mx/4.8.3/../../../../pic32mx/lib\libpic32.a(default-bootstrap-exception-handler.o)
 .comment       0x00000000       0x3d c:/program files (x86)/microchip/xc32/v1.44/bin/bin/../../lib/gcc/pic32mx/4.8.3/../../../../pic32mx/lib\libpic32.a(default-on-reset.o)
 .comment       0x00000000       0x3d c:/program files (x86)/microchip/xc32/v1.44/bin/bin/../../lib/gcc/pic32mx/4.8.3/../../../../pic32mx/lib\libpic32.a(default-on-bootstrap.o)
 .comment       0x00000000       0x3d c:/program files (x86)/microchip/xc32/v1.44/bin/bin/../../lib/gcc/pic32mx/4.8.3/../../../../pic32mx/lib\libpic32.a(default-general-exception-handler.o)
 .comment       0x00000000       0x3d c:/program files (x86)/microchip/xc32/v1.44/bin/bin/../../lib/gcc/pic32mx/4.8.3/../../../../pic32mx/lib\libpic32.a(defaultinterrupt.o)
 .comment       0x00000000       0x3d c:/program files (x86)/microchip/xc32/v1.44/bin/bin/../../lib/gcc/pic32mx/4.8.3/../../../../pic32mx/lib\libc.a(printf_cdnopuxX.eo)
 .comment       0x00000000       0x3d c:/program files (x86)/microchip/xc32/v1.44/bin/bin/../../lib/gcc/pic32mx/4.8.3/../../../../pic32mx/lib\libc.a(_iob.o)
 .comment       0x00000000       0x3d c:/program files (x86)/microchip/xc32/v1.44/bin/bin/../../lib/gcc/pic32mx/4.8.3/../../../../pic32mx/lib\libc.a(doprnt_cdnopuxX.eo)
 .comment       0x00000000       0x3d c:/program files (x86)/microchip/xc32/v1.44/bin/bin/../../lib/gcc/pic32mx/4.8.3/../../../../pic32mx/lib\libc.a(_fputc_simple.o)
 .comment       0x00000085       0x4e c:/program files (x86)/microchip/xc32/v1.44/bin/bin/../../lib/gcc/pic32mx/4.8.3/../../../../pic32mx/lib\libc.a(ctype.o)
                                 0x8b (size before relaxing)
 .comment       0x00000000       0x3d c:/program files (x86)/microchip/xc32/v1.44/bin/bin/../../lib/gcc/pic32mx/4.8.3/../../../../pic32mx/lib\libc.a(_flsbuf_simple.o)
 .comment       0x00000000       0x3d c:/program files (x86)/microchip/xc32/v1.44/bin/bin/../../lib/gcc/pic32mx/4.8.3\libgcc.a(_udivdi3.o)
 .comment       0x00000000       0x3d c:/program files (x86)/microchip/xc32/v1.44/bin/bin/../../lib/gcc/pic32mx/4.8.3\libgcc.a(_umoddi3.o)
 .comment       0x00000000       0x3d c:/program files (x86)/microchip/xc32/v1.44/bin/bin/../../lib/gcc/pic32mx/4.8.3/../../../../pic32mx/lib\libpic32.a(write.o)
 .comment       0x00000000       0x3d c:/program files (x86)/microchip/xc32/v1.44/bin/bin/../../lib/gcc/pic32mx/4.8.3/../../../../pic32mx/lib\libpic32.a(_mon_putc.o)
 .comment       0x00000000       0x3d c:/program files (x86)/microchip/xc32/v1.44/bin/bin/../../lib/gcc/pic32mx/4.8.3/../../../../pic32mx/lib\libpic32.a(xc32_uart.o)

.debug
 *(.debug)

.line
 *(.line)

.debug_srcinfo
 *(.debug_srcinfo)

.debug_sfnames
 *(.debug_sfnames)

.debug_aranges  0x00000000      0x698
 *(.debug_aranges)
 .debug_aranges
                0x00000000       0x20 build/default/production/_ext/449926602/ble_api.o
 .debug_aranges
                0x00000020       0x20 build/default/production/_ext/449926602/ble_manager.o
 .debug_aranges
                0x00000040       0x20 build/default/production/_ext/449926602/bm_application_mode.o
 .debug_aranges
                0x00000060       0x20 build/default/production/_ext/449926602/bm_program_mode.o
 .debug_aranges
                0x00000080       0x20 build/default/production/_ext/449926602/bm_utils.o
 .debug_aranges
                0x000000a0       0x20 build/default/production/_ext/449926602/dfu_api.o
 .debug_aranges
                0x000000c0       0x20 build/default/production/_ext/449926602/dfu_manager.o
 .debug_aranges
                0x000000e0       0x20 build/default/production/_ext/449926602/event_mem.o
 .debug_aranges
                0x00000100       0x20 build/default/production/_ext/449926602/fifo.o
 .debug_aranges
                0x00000120       0x20 build/default/production/_ext/449926602/interface.o
 .debug_aranges
                0x00000140       0x20 build/default/production/_ext/449926602/memory.o
 .debug_aranges
                0x00000160       0x20 build/default/production/_ext/449926602/platform_pic.o
 .debug_aranges
                0x00000180       0x20 build/default/production/_ext/1819808422/clear_core_sw0_leg_lib.o
 .debug_aranges
                0x000001a0       0x20 build/default/production/_ext/1819808422/clear_core_sw0_lib.o
 .debug_aranges
                0x000001c0       0x20 build/default/production/_ext/1819808422/clear_core_sw1_leg_lib.o
 .debug_aranges
                0x000001e0       0x20 build/default/production/_ext/1819808422/clear_core_sw1_lib.o
 .debug_aranges
                0x00000200       0x20 build/default/production/_ext/1819808422/int_configure_system_lib.o
 .debug_aranges
                0x00000220       0x20 build/default/production/_ext/1819808422/int_disable_interrupts_lib.o
 .debug_aranges
                0x00000240       0x20 build/default/production/_ext/1819808422/int_enable_interrupts_lib.o
 .debug_aranges
                0x00000260       0x20 build/default/production/_ext/1819808422/int_enable_mv_int_lib.o
 .debug_aranges
                0x00000280       0x20 build/default/production/_ext/1819808422/int_enable_sv_int_lib.o
 .debug_aranges
                0x000002a0       0x20 build/default/production/_ext/1819808422/int_get_pending_int_lib.o
 .debug_aranges
                0x000002c0       0x20 build/default/production/_ext/1819808422/int_restore_interrupts_lib.o
 .debug_aranges
                0x000002e0       0x20 build/default/production/_ext/1819808422/int_set_ebase_lib.o
 .debug_aranges
                0x00000300       0x20 build/default/production/_ext/1819808422/int_set_ebase_vs_lib.o
 .debug_aranges
                0x00000320       0x20 build/default/production/_ext/1819808422/int_set_vector_spacing_lib.o
 .debug_aranges
                0x00000340       0x18 build/default/production/_ext/1819808422/int_tbl_5xx_6xx_7xx_lib.o
 .debug_aranges
                0x00000358       0x20 build/default/production/_ext/1819808422/int_tbl_legacy_lib.o
 .debug_aranges
                0x00000378       0x20 build/default/production/_ext/1819808422/int_tbl_lib.o
 .debug_aranges
                0x00000398       0x20 build/default/production/_ext/1819808422/int_tbl_lib_obs.o
 .debug_aranges
                0x000003b8       0x20 build/default/production/_ext/1819808422/set_core_sw0_leg_lib.o
 .debug_aranges
                0x000003d8       0x20 build/default/production/_ext/1819808422/set_core_sw0_lib.o
 .debug_aranges
                0x000003f8       0x20 build/default/production/_ext/1819808422/set_core_sw1_leg_lib.o
 .debug_aranges
                0x00000418       0x20 build/default/production/_ext/1819808422/set_core_sw1_lib.o
 .debug_aranges
                0x00000438       0x20 build/default/production/_ext/1986190483/pcache.o
 .debug_aranges
                0x00000458       0x20 build/default/production/_ext/2046243727/uart_lib.o
 .debug_aranges
                0x00000478       0x20 build/default/production/_ext/8382566/time.o
 .debug_aranges
                0x00000498       0x20 build/default/production/_ext/8382566/uart_app.o
 .debug_aranges
                0x000004b8       0x20 build/default/production/_ext/8382566/uart_drv.o
 .debug_aranges
                0x000004d8       0x20 build/default/production/_ext/1472/main.o
 .debug_aranges
                0x000004f8       0x20 c:/program files (x86)/microchip/xc32/v1.44/bin/bin/../../lib/gcc/pic32mx/4.8.3/../../../../pic32mx/lib\libpic32.a(default-bootstrap-exception-handler.o)
 .debug_aranges
                0x00000518       0x20 c:/program files (x86)/microchip/xc32/v1.44/bin/bin/../../lib/gcc/pic32mx/4.8.3/../../../../pic32mx/lib\libpic32.a(default-on-reset.o)
 .debug_aranges
                0x00000538       0x20 c:/program files (x86)/microchip/xc32/v1.44/bin/bin/../../lib/gcc/pic32mx/4.8.3/../../../../pic32mx/lib\libpic32.a(default-on-bootstrap.o)
 .debug_aranges
                0x00000558       0x20 c:/program files (x86)/microchip/xc32/v1.44/bin/bin/../../lib/gcc/pic32mx/4.8.3/../../../../pic32mx/lib\libpic32.a(default-general-exception-handler.o)
 .debug_aranges
                0x00000578       0x20 c:/program files (x86)/microchip/xc32/v1.44/bin/bin/../../lib/gcc/pic32mx/4.8.3/../../../../pic32mx/lib\libpic32.a(defaultinterrupt.o)
 .debug_aranges
                0x00000598       0x20 c:/program files (x86)/microchip/xc32/v1.44/bin/bin/../../lib/gcc/pic32mx/4.8.3/../../../../pic32mx/lib\libc.a(printf_cdnopuxX.eo)
 .debug_aranges
                0x000005b8       0x20 c:/program files (x86)/microchip/xc32/v1.44/bin/bin/../../lib/gcc/pic32mx/4.8.3/../../../../pic32mx/lib\libc.a(doprnt_cdnopuxX.eo)
 .debug_aranges
                0x000005d8       0x20 c:/program files (x86)/microchip/xc32/v1.44/bin/bin/../../lib/gcc/pic32mx/4.8.3/../../../../pic32mx/lib\libc.a(_fputc_simple.o)
 .debug_aranges
                0x000005f8       0x20 c:/program files (x86)/microchip/xc32/v1.44/bin/bin/../../lib/gcc/pic32mx/4.8.3/../../../../pic32mx/lib\libc.a(_flsbuf_simple.o)
 .debug_aranges
                0x00000618       0x20 c:/program files (x86)/microchip/xc32/v1.44/bin/bin/../../lib/gcc/pic32mx/4.8.3\libgcc.a(_udivdi3.o)
 .debug_aranges
                0x00000638       0x20 c:/program files (x86)/microchip/xc32/v1.44/bin/bin/../../lib/gcc/pic32mx/4.8.3\libgcc.a(_umoddi3.o)
 .debug_aranges
                0x00000658       0x20 c:/program files (x86)/microchip/xc32/v1.44/bin/bin/../../lib/gcc/pic32mx/4.8.3/../../../../pic32mx/lib\libpic32.a(write.o)
 .debug_aranges
                0x00000678       0x20 c:/program files (x86)/microchip/xc32/v1.44/bin/bin/../../lib/gcc/pic32mx/4.8.3/../../../../pic32mx/lib\libpic32.a(_mon_putc.o)

.debug_pubnames
 *(.debug_pubnames)

.debug_info     0x00000000    0x2a3ef
 *(.debug_info .gnu.linkonce.wi.*)
 .debug_info    0x00000000     0x5e09 build/default/production/_ext/449926602/ble_api.o
 .debug_info    0x00005e09     0x4d22 build/default/production/_ext/449926602/ble_manager.o
 .debug_info    0x0000ab2b     0x4abe build/default/production/_ext/449926602/bm_application_mode.o
 .debug_info    0x0000f5e9     0x1bcd build/default/production/_ext/449926602/bm_program_mode.o
 .debug_info    0x000111b6      0x9d5 build/default/production/_ext/449926602/bm_utils.o
 .debug_info    0x00011b8b     0x1ba8 build/default/production/_ext/449926602/dfu_api.o
 .debug_info    0x00013733     0x1ec1 build/default/production/_ext/449926602/dfu_manager.o
 .debug_info    0x000155f4      0x4b1 build/default/production/_ext/449926602/event_mem.o
 .debug_info    0x00015aa5      0x343 build/default/production/_ext/449926602/fifo.o
 .debug_info    0x00015de8     0x3187 build/default/production/_ext/449926602/interface.o
 .debug_info    0x00018f6f      0x310 build/default/production/_ext/449926602/memory.o
 .debug_info    0x0001927f     0x1dd8 build/default/production/_ext/449926602/platform_pic.o
 .debug_info    0x0001b057      0x1fb build/default/production/_ext/1819808422/clear_core_sw0_leg_lib.o
 .debug_info    0x0001b252      0x206 build/default/production/_ext/1819808422/clear_core_sw0_lib.o
 .debug_info    0x0001b458      0x1fb build/default/production/_ext/1819808422/clear_core_sw1_leg_lib.o
 .debug_info    0x0001b653      0x206 build/default/production/_ext/1819808422/clear_core_sw1_lib.o
 .debug_info    0x0001b859      0x279 build/default/production/_ext/1819808422/int_configure_system_lib.o
 .debug_info    0x0001bad2      0x20e build/default/production/_ext/1819808422/int_disable_interrupts_lib.o
 .debug_info    0x0001bce0      0x20c build/default/production/_ext/1819808422/int_enable_interrupts_lib.o
 .debug_info    0x0001beec      0x20d build/default/production/_ext/1819808422/int_enable_mv_int_lib.o
 .debug_info    0x0001c0f9      0x20e build/default/production/_ext/1819808422/int_enable_sv_int_lib.o
 .debug_info    0x0001c307      0x76d build/default/production/_ext/1819808422/int_get_pending_int_lib.o
 .debug_info    0x0001ca74      0x20a build/default/production/_ext/1819808422/int_restore_interrupts_lib.o
 .debug_info    0x0001cc7e      0x21f build/default/production/_ext/1819808422/int_set_ebase_lib.o
 .debug_info    0x0001ce9d      0x24b build/default/production/_ext/1819808422/int_set_ebase_vs_lib.o
 .debug_info    0x0001d0e8      0x231 build/default/production/_ext/1819808422/int_set_vector_spacing_lib.o
 .debug_info    0x0001d319      0x412 build/default/production/_ext/1819808422/int_tbl_5xx_6xx_7xx_lib.o
 .debug_info    0x0001d72b      0xb90 build/default/production/_ext/1819808422/int_tbl_legacy_lib.o
 .debug_info    0x0001e2bb     0x12e1 build/default/production/_ext/1819808422/int_tbl_lib.o
 .debug_info    0x0001f59c      0xb75 build/default/production/_ext/1819808422/int_tbl_lib_obs.o
 .debug_info    0x00020111      0x1f7 build/default/production/_ext/1819808422/set_core_sw0_leg_lib.o
 .debug_info    0x00020308      0x202 build/default/production/_ext/1819808422/set_core_sw0_lib.o
 .debug_info    0x0002050a      0x1f7 build/default/production/_ext/1819808422/set_core_sw1_leg_lib.o
 .debug_info    0x00020701      0x202 build/default/production/_ext/1819808422/set_core_sw1_lib.o
 .debug_info    0x00020903      0x163 build/default/production/_ext/1986190483/pcache.o
 .debug_info    0x00020a66      0xaa9 build/default/production/_ext/2046243727/uart_lib.o
 .debug_info    0x0002150f     0x1f89 build/default/production/_ext/8382566/time.o
 .debug_info    0x00023498     0x11f4 build/default/production/_ext/8382566/uart_app.o
 .debug_info    0x0002468c     0x2f3e build/default/production/_ext/8382566/uart_drv.o
 .debug_info    0x000275ca     0x15e2 build/default/production/_ext/1472/main.o
 .debug_info    0x00028bac       0xf5 c:/program files (x86)/microchip/xc32/v1.44/bin/bin/../../lib/gcc/pic32mx/4.8.3/../../../../pic32mx/lib\libpic32.a(default-bootstrap-exception-handler.o)
 .debug_info    0x00028ca1       0xce c:/program files (x86)/microchip/xc32/v1.44/bin/bin/../../lib/gcc/pic32mx/4.8.3/../../../../pic32mx/lib\libpic32.a(default-on-reset.o)
 .debug_info    0x00028d6f       0xd6 c:/program files (x86)/microchip/xc32/v1.44/bin/bin/../../lib/gcc/pic32mx/4.8.3/../../../../pic32mx/lib\libpic32.a(default-on-bootstrap.o)
 .debug_info    0x00028e45       0xf1 c:/program files (x86)/microchip/xc32/v1.44/bin/bin/../../lib/gcc/pic32mx/4.8.3/../../../../pic32mx/lib\libpic32.a(default-general-exception-handler.o)
 .debug_info    0x00028f36       0xe8 c:/program files (x86)/microchip/xc32/v1.44/bin/bin/../../lib/gcc/pic32mx/4.8.3/../../../../pic32mx/lib\libpic32.a(defaultinterrupt.o)
 .debug_info    0x0002901e       0xd0 c:/program files (x86)/microchip/xc32/v1.44/bin/bin/../../lib/gcc/pic32mx/4.8.3/../../../../pic32mx/lib\libc.a(printf_cdnopuxX.eo)
 .debug_info    0x000290ee       0xd3 c:/program files (x86)/microchip/xc32/v1.44/bin/bin/../../lib/gcc/pic32mx/4.8.3/../../../../pic32mx/lib\libc.a(doprnt_cdnopuxX.eo)
 .debug_info    0x000291c1       0xc4 c:/program files (x86)/microchip/xc32/v1.44/bin/bin/../../lib/gcc/pic32mx/4.8.3/../../../../pic32mx/lib\libc.a(_fputc_simple.o)
 .debug_info    0x00029285       0xc7 c:/program files (x86)/microchip/xc32/v1.44/bin/bin/../../lib/gcc/pic32mx/4.8.3/../../../../pic32mx/lib\libc.a(_flsbuf_simple.o)
 .debug_info    0x0002934c      0x76f c:/program files (x86)/microchip/xc32/v1.44/bin/bin/../../lib/gcc/pic32mx/4.8.3\libgcc.a(_udivdi3.o)
 .debug_info    0x00029abb      0x7ac c:/program files (x86)/microchip/xc32/v1.44/bin/bin/../../lib/gcc/pic32mx/4.8.3\libgcc.a(_umoddi3.o)
 .debug_info    0x0002a267       0xc0 c:/program files (x86)/microchip/xc32/v1.44/bin/bin/../../lib/gcc/pic32mx/4.8.3/../../../../pic32mx/lib\libpic32.a(write.o)
 .debug_info    0x0002a327       0xc8 c:/program files (x86)/microchip/xc32/v1.44/bin/bin/../../lib/gcc/pic32mx/4.8.3/../../../../pic32mx/lib\libpic32.a(_mon_putc.o)

.debug_abbrev   0x00000000     0x3965
 *(.debug_abbrev)
 .debug_abbrev  0x00000000      0x2df build/default/production/_ext/449926602/ble_api.o
 .debug_abbrev  0x000002df      0x344 build/default/production/_ext/449926602/ble_manager.o
 .debug_abbrev  0x00000623      0x2e5 build/default/production/_ext/449926602/bm_application_mode.o
 .debug_abbrev  0x00000908      0x1fd build/default/production/_ext/449926602/bm_program_mode.o
 .debug_abbrev  0x00000b05      0x147 build/default/production/_ext/449926602/bm_utils.o
 .debug_abbrev  0x00000c4c      0x254 build/default/production/_ext/449926602/dfu_api.o
 .debug_abbrev  0x00000ea0      0x22c build/default/production/_ext/449926602/dfu_manager.o
 .debug_abbrev  0x000010cc       0xe6 build/default/production/_ext/449926602/event_mem.o
 .debug_abbrev  0x000011b2       0xa8 build/default/production/_ext/449926602/fifo.o
 .debug_abbrev  0x0000125a      0x321 build/default/production/_ext/449926602/interface.o
 .debug_abbrev  0x0000157b       0xb7 build/default/production/_ext/449926602/memory.o
 .debug_abbrev  0x00001632      0x26c build/default/production/_ext/449926602/platform_pic.o
 .debug_abbrev  0x0000189e       0xa3 build/default/production/_ext/1819808422/clear_core_sw0_leg_lib.o
 .debug_abbrev  0x00001941       0xa3 build/default/production/_ext/1819808422/clear_core_sw0_lib.o
 .debug_abbrev  0x000019e4       0xa3 build/default/production/_ext/1819808422/clear_core_sw1_leg_lib.o
 .debug_abbrev  0x00001a87       0xa3 build/default/production/_ext/1819808422/clear_core_sw1_lib.o
 .debug_abbrev  0x00001b2a       0xc8 build/default/production/_ext/1819808422/int_configure_system_lib.o
 .debug_abbrev  0x00001bf2       0xa5 build/default/production/_ext/1819808422/int_disable_interrupts_lib.o
 .debug_abbrev  0x00001c97       0xa5 build/default/production/_ext/1819808422/int_enable_interrupts_lib.o
 .debug_abbrev  0x00001d3c       0xa3 build/default/production/_ext/1819808422/int_enable_mv_int_lib.o
 .debug_abbrev  0x00001ddf       0xa3 build/default/production/_ext/1819808422/int_enable_sv_int_lib.o
 .debug_abbrev  0x00001e82       0xbb build/default/production/_ext/1819808422/int_get_pending_int_lib.o
 .debug_abbrev  0x00001f3d       0xa3 build/default/production/_ext/1819808422/int_restore_interrupts_lib.o
 .debug_abbrev  0x00001fe0       0xb2 build/default/production/_ext/1819808422/int_set_ebase_lib.o
 .debug_abbrev  0x00002092       0xb2 build/default/production/_ext/1819808422/int_set_ebase_vs_lib.o
 .debug_abbrev  0x00002144       0xb2 build/default/production/_ext/1819808422/int_set_vector_spacing_lib.o
 .debug_abbrev  0x000021f6       0xf2 build/default/production/_ext/1819808422/int_tbl_5xx_6xx_7xx_lib.o
 .debug_abbrev  0x000022e8      0x140 build/default/production/_ext/1819808422/int_tbl_legacy_lib.o
 .debug_abbrev  0x00002428      0x17c build/default/production/_ext/1819808422/int_tbl_lib.o
 .debug_abbrev  0x000025a4      0x1a3 build/default/production/_ext/1819808422/int_tbl_lib_obs.o
 .debug_abbrev  0x00002747       0xa3 build/default/production/_ext/1819808422/set_core_sw0_leg_lib.o
 .debug_abbrev  0x000027ea       0xa3 build/default/production/_ext/1819808422/set_core_sw0_lib.o
 .debug_abbrev  0x0000288d       0xa3 build/default/production/_ext/1819808422/set_core_sw1_leg_lib.o
 .debug_abbrev  0x00002930       0xa3 build/default/production/_ext/1819808422/set_core_sw1_lib.o
 .debug_abbrev  0x000029d3       0x5c build/default/production/_ext/1986190483/pcache.o
 .debug_abbrev  0x00002a2f      0x1dd build/default/production/_ext/2046243727/uart_lib.o
 .debug_abbrev  0x00002c0c      0x24a build/default/production/_ext/8382566/time.o
 .debug_abbrev  0x00002e56      0x1c3 build/default/production/_ext/8382566/uart_app.o
 .debug_abbrev  0x00003019      0x241 build/default/production/_ext/8382566/uart_drv.o
 .debug_abbrev  0x0000325a      0x2d4 build/default/production/_ext/1472/main.o
 .debug_abbrev  0x0000352e       0x28 c:/program files (x86)/microchip/xc32/v1.44/bin/bin/../../lib/gcc/pic32mx/4.8.3/../../../../pic32mx/lib\libpic32.a(default-bootstrap-exception-handler.o)
 .debug_abbrev  0x00003556       0x28 c:/program files (x86)/microchip/xc32/v1.44/bin/bin/../../lib/gcc/pic32mx/4.8.3/../../../../pic32mx/lib\libpic32.a(default-on-reset.o)
 .debug_abbrev  0x0000357e       0x28 c:/program files (x86)/microchip/xc32/v1.44/bin/bin/../../lib/gcc/pic32mx/4.8.3/../../../../pic32mx/lib\libpic32.a(default-on-bootstrap.o)
 .debug_abbrev  0x000035a6       0x28 c:/program files (x86)/microchip/xc32/v1.44/bin/bin/../../lib/gcc/pic32mx/4.8.3/../../../../pic32mx/lib\libpic32.a(default-general-exception-handler.o)
 .debug_abbrev  0x000035ce       0x28 c:/program files (x86)/microchip/xc32/v1.44/bin/bin/../../lib/gcc/pic32mx/4.8.3/../../../../pic32mx/lib\libpic32.a(defaultinterrupt.o)
 .debug_abbrev  0x000035f6       0x28 c:/program files (x86)/microchip/xc32/v1.44/bin/bin/../../lib/gcc/pic32mx/4.8.3/../../../../pic32mx/lib\libc.a(printf_cdnopuxX.eo)
 .debug_abbrev  0x0000361e       0x28 c:/program files (x86)/microchip/xc32/v1.44/bin/bin/../../lib/gcc/pic32mx/4.8.3/../../../../pic32mx/lib\libc.a(doprnt_cdnopuxX.eo)
 .debug_abbrev  0x00003646       0x28 c:/program files (x86)/microchip/xc32/v1.44/bin/bin/../../lib/gcc/pic32mx/4.8.3/../../../../pic32mx/lib\libc.a(_fputc_simple.o)
 .debug_abbrev  0x0000366e       0x28 c:/program files (x86)/microchip/xc32/v1.44/bin/bin/../../lib/gcc/pic32mx/4.8.3/../../../../pic32mx/lib\libc.a(_flsbuf_simple.o)
 .debug_abbrev  0x00003696      0x138 c:/program files (x86)/microchip/xc32/v1.44/bin/bin/../../lib/gcc/pic32mx/4.8.3\libgcc.a(_udivdi3.o)
 .debug_abbrev  0x000037ce      0x147 c:/program files (x86)/microchip/xc32/v1.44/bin/bin/../../lib/gcc/pic32mx/4.8.3\libgcc.a(_umoddi3.o)
 .debug_abbrev  0x00003915       0x28 c:/program files (x86)/microchip/xc32/v1.44/bin/bin/../../lib/gcc/pic32mx/4.8.3/../../../../pic32mx/lib\libpic32.a(write.o)
 .debug_abbrev  0x0000393d       0x28 c:/program files (x86)/microchip/xc32/v1.44/bin/bin/../../lib/gcc/pic32mx/4.8.3/../../../../pic32mx/lib\libpic32.a(_mon_putc.o)

.debug_line     0x00000000     0x513e
 *(.debug_line)
 .debug_line    0x00000000      0x724 build/default/production/_ext/449926602/ble_api.o
 .debug_line    0x00000724      0x44d build/default/production/_ext/449926602/ble_manager.o
 .debug_line    0x00000b71      0x5be build/default/production/_ext/449926602/bm_application_mode.o
 .debug_line    0x0000112f      0x316 build/default/production/_ext/449926602/bm_program_mode.o
 .debug_line    0x00001445      0x24b build/default/production/_ext/449926602/bm_utils.o
 .debug_line    0x00001690      0x2b7 build/default/production/_ext/449926602/dfu_api.o
 .debug_line    0x00001947      0x257 build/default/production/_ext/449926602/dfu_manager.o
 .debug_line    0x00001b9e      0x137 build/default/production/_ext/449926602/event_mem.o
 .debug_line    0x00001cd5       0xf5 build/default/production/_ext/449926602/fifo.o
 .debug_line    0x00001dca      0x335 build/default/production/_ext/449926602/interface.o
 .debug_line    0x000020ff       0xfa build/default/production/_ext/449926602/memory.o
 .debug_line    0x000021f9      0x268 build/default/production/_ext/449926602/platform_pic.o
 .debug_line    0x00002461       0xf6 build/default/production/_ext/1819808422/clear_core_sw0_leg_lib.o
 .debug_line    0x00002557       0xf2 build/default/production/_ext/1819808422/clear_core_sw0_lib.o
 .debug_line    0x00002649       0xf6 build/default/production/_ext/1819808422/clear_core_sw1_leg_lib.o
 .debug_line    0x0000273f       0xf2 build/default/production/_ext/1819808422/clear_core_sw1_lib.o
 .debug_line    0x00002831      0x157 build/default/production/_ext/1819808422/int_configure_system_lib.o
 .debug_line    0x00002988       0xfa build/default/production/_ext/1819808422/int_disable_interrupts_lib.o
 .debug_line    0x00002a82       0xf9 build/default/production/_ext/1819808422/int_enable_interrupts_lib.o
 .debug_line    0x00002b7b       0xf7 build/default/production/_ext/1819808422/int_enable_mv_int_lib.o
 .debug_line    0x00002c72       0xf7 build/default/production/_ext/1819808422/int_enable_sv_int_lib.o
 .debug_line    0x00002d69      0x172 build/default/production/_ext/1819808422/int_get_pending_int_lib.o
 .debug_line    0x00002edb       0xfa build/default/production/_ext/1819808422/int_restore_interrupts_lib.o
 .debug_line    0x00002fd5       0xf8 build/default/production/_ext/1819808422/int_set_ebase_lib.o
 .debug_line    0x000030cd       0xfc build/default/production/_ext/1819808422/int_set_ebase_vs_lib.o
 .debug_line    0x000031c9      0x101 build/default/production/_ext/1819808422/int_set_vector_spacing_lib.o
 .debug_line    0x000032ca       0xe4 build/default/production/_ext/1819808422/int_tbl_5xx_6xx_7xx_lib.o
 .debug_line    0x000033ae      0x1ba build/default/production/_ext/1819808422/int_tbl_legacy_lib.o
 .debug_line    0x00003568      0x1c1 build/default/production/_ext/1819808422/int_tbl_lib.o
 .debug_line    0x00003729      0x19f build/default/production/_ext/1819808422/int_tbl_lib_obs.o
 .debug_line    0x000038c8       0xf4 build/default/production/_ext/1819808422/set_core_sw0_leg_lib.o
 .debug_line    0x000039bc       0xf0 build/default/production/_ext/1819808422/set_core_sw0_lib.o
 .debug_line    0x00003aac       0xf4 build/default/production/_ext/1819808422/set_core_sw1_leg_lib.o
 .debug_line    0x00003ba0       0xf0 build/default/production/_ext/1819808422/set_core_sw1_lib.o
 .debug_line    0x00003c90       0x9d build/default/production/_ext/1986190483/pcache.o
 .debug_line    0x00003d2d      0x206 build/default/production/_ext/2046243727/uart_lib.o
 .debug_line    0x00003f33      0x248 build/default/production/_ext/8382566/time.o
 .debug_line    0x0000417b      0x1f9 build/default/production/_ext/8382566/uart_app.o
 .debug_line    0x00004374      0x292 build/default/production/_ext/8382566/uart_drv.o
 .debug_line    0x00004606      0x2f9 build/default/production/_ext/1472/main.o
 .debug_line    0x000048ff       0xa7 c:/program files (x86)/microchip/xc32/v1.44/bin/bin/../../lib/gcc/pic32mx/4.8.3/../../../../pic32mx/lib\libpic32.a(default-bootstrap-exception-handler.o)
 .debug_line    0x000049a6       0x94 c:/program files (x86)/microchip/xc32/v1.44/bin/bin/../../lib/gcc/pic32mx/4.8.3/../../../../pic32mx/lib\libpic32.a(default-on-reset.o)
 .debug_line    0x00004a3a       0x98 c:/program files (x86)/microchip/xc32/v1.44/bin/bin/../../lib/gcc/pic32mx/4.8.3/../../../../pic32mx/lib\libpic32.a(default-on-bootstrap.o)
 .debug_line    0x00004ad2       0xa5 c:/program files (x86)/microchip/xc32/v1.44/bin/bin/../../lib/gcc/pic32mx/4.8.3/../../../../pic32mx/lib\libpic32.a(default-general-exception-handler.o)
 .debug_line    0x00004b77       0xa6 c:/program files (x86)/microchip/xc32/v1.44/bin/bin/../../lib/gcc/pic32mx/4.8.3/../../../../pic32mx/lib\libpic32.a(defaultinterrupt.o)
 .debug_line    0x00004c1d       0x80 c:/program files (x86)/microchip/xc32/v1.44/bin/bin/../../lib/gcc/pic32mx/4.8.3/../../../../pic32mx/lib\libc.a(printf_cdnopuxX.eo)
 .debug_line    0x00004c9d        0x0 c:/program files (x86)/microchip/xc32/v1.44/bin/bin/../../lib/gcc/pic32mx/4.8.3/../../../../pic32mx/lib\libc.a(_iob.o)
 .debug_line    0x00004c9d       0x80 c:/program files (x86)/microchip/xc32/v1.44/bin/bin/../../lib/gcc/pic32mx/4.8.3/../../../../pic32mx/lib\libc.a(doprnt_cdnopuxX.eo)
 .debug_line    0x00004d1d       0x7f c:/program files (x86)/microchip/xc32/v1.44/bin/bin/../../lib/gcc/pic32mx/4.8.3/../../../../pic32mx/lib\libc.a(_fputc_simple.o)
 .debug_line    0x00004d9c        0x0 c:/program files (x86)/microchip/xc32/v1.44/bin/bin/../../lib/gcc/pic32mx/4.8.3/../../../../pic32mx/lib\libc.a(ctype.o)
 .debug_line    0x00004d9c       0x80 c:/program files (x86)/microchip/xc32/v1.44/bin/bin/../../lib/gcc/pic32mx/4.8.3/../../../../pic32mx/lib\libc.a(_flsbuf_simple.o)
 .debug_line    0x00004e1c       0xfd c:/program files (x86)/microchip/xc32/v1.44/bin/bin/../../lib/gcc/pic32mx/4.8.3\libgcc.a(_udivdi3.o)
 .debug_line    0x00004f19      0x10f c:/program files (x86)/microchip/xc32/v1.44/bin/bin/../../lib/gcc/pic32mx/4.8.3\libgcc.a(_umoddi3.o)
 .debug_line    0x00005028       0x89 c:/program files (x86)/microchip/xc32/v1.44/bin/bin/../../lib/gcc/pic32mx/4.8.3/../../../../pic32mx/lib\libpic32.a(write.o)
 .debug_line    0x000050b1       0x8d c:/program files (x86)/microchip/xc32/v1.44/bin/bin/../../lib/gcc/pic32mx/4.8.3/../../../../pic32mx/lib\libpic32.a(_mon_putc.o)
 .debug_line    0x0000513e        0x0 c:/program files (x86)/microchip/xc32/v1.44/bin/bin/../../lib/gcc/pic32mx/4.8.3/../../../../pic32mx/lib\libpic32.a(xc32_uart.o)

.debug_frame    0x00000000     0x2f54
 *(.debug_frame)
 .debug_frame   0x00000000      0x734 build/default/production/_ext/449926602/ble_api.o
 .debug_frame   0x00000734      0x3d4 build/default/production/_ext/449926602/ble_manager.o
 .debug_frame   0x00000b08      0x91c build/default/production/_ext/449926602/bm_application_mode.o
 .debug_frame   0x00001424      0x14c build/default/production/_ext/449926602/bm_program_mode.o
 .debug_frame   0x00001570      0x2dc build/default/production/_ext/449926602/bm_utils.o
 .debug_frame   0x0000184c      0x170 build/default/production/_ext/449926602/dfu_api.o
 .debug_frame   0x000019bc       0xd0 build/default/production/_ext/449926602/dfu_manager.o
 .debug_frame   0x00001a8c       0xd4 build/default/production/_ext/449926602/event_mem.o
 .debug_frame   0x00001b60       0xa8 build/default/production/_ext/449926602/fifo.o
 .debug_frame   0x00001c08      0x23c build/default/production/_ext/449926602/interface.o
 .debug_frame   0x00001e44       0x6c build/default/production/_ext/449926602/memory.o
 .debug_frame   0x00001eb0      0x274 build/default/production/_ext/449926602/platform_pic.o
 .debug_frame   0x00002124       0x2c build/default/production/_ext/1819808422/clear_core_sw0_leg_lib.o
 .debug_frame   0x00002150       0x2c build/default/production/_ext/1819808422/clear_core_sw0_lib.o
 .debug_frame   0x0000217c       0x2c build/default/production/_ext/1819808422/clear_core_sw1_leg_lib.o
 .debug_frame   0x000021a8       0x2c build/default/production/_ext/1819808422/clear_core_sw1_lib.o
 .debug_frame   0x000021d4       0x30 build/default/production/_ext/1819808422/int_configure_system_lib.o
 .debug_frame   0x00002204       0x2c build/default/production/_ext/1819808422/int_disable_interrupts_lib.o
 .debug_frame   0x00002230       0x2c build/default/production/_ext/1819808422/int_enable_interrupts_lib.o
 .debug_frame   0x0000225c       0x30 build/default/production/_ext/1819808422/int_enable_mv_int_lib.o
 .debug_frame   0x0000228c       0x30 build/default/production/_ext/1819808422/int_enable_sv_int_lib.o
 .debug_frame   0x000022bc       0x30 build/default/production/_ext/1819808422/int_get_pending_int_lib.o
 .debug_frame   0x000022ec       0x2c build/default/production/_ext/1819808422/int_restore_interrupts_lib.o
 .debug_frame   0x00002318       0x30 build/default/production/_ext/1819808422/int_set_ebase_lib.o
 .debug_frame   0x00002348       0x30 build/default/production/_ext/1819808422/int_set_ebase_vs_lib.o
 .debug_frame   0x00002378       0x30 build/default/production/_ext/1819808422/int_set_vector_spacing_lib.o
 .debug_frame   0x000023a8       0xb0 build/default/production/_ext/1819808422/int_tbl_legacy_lib.o
 .debug_frame   0x00002458      0x130 build/default/production/_ext/1819808422/int_tbl_lib.o
 .debug_frame   0x00002588      0x130 build/default/production/_ext/1819808422/int_tbl_lib_obs.o
 .debug_frame   0x000026b8       0x2c build/default/production/_ext/1819808422/set_core_sw0_leg_lib.o
 .debug_frame   0x000026e4       0x2c build/default/production/_ext/1819808422/set_core_sw0_lib.o
 .debug_frame   0x00002710       0x2c build/default/production/_ext/1819808422/set_core_sw1_leg_lib.o
 .debug_frame   0x0000273c       0x2c build/default/production/_ext/1819808422/set_core_sw1_lib.o
 .debug_frame   0x00002768       0x50 build/default/production/_ext/1986190483/pcache.o
 .debug_frame   0x000027b8      0x110 build/default/production/_ext/2046243727/uart_lib.o
 .debug_frame   0x000028c8      0x180 build/default/production/_ext/8382566/time.o
 .debug_frame   0x00002a48      0x110 build/default/production/_ext/8382566/uart_app.o
 .debug_frame   0x00002b58      0x1c4 build/default/production/_ext/8382566/uart_drv.o
 .debug_frame   0x00002d1c       0x2c build/default/production/_ext/1472/main.o
 .debug_frame   0x00002d48       0x2c c:/program files (x86)/microchip/xc32/v1.44/bin/bin/../../lib/gcc/pic32mx/4.8.3/../../../../pic32mx/lib\libpic32.a(default-bootstrap-exception-handler.o)
 .debug_frame   0x00002d74       0x20 c:/program files (x86)/microchip/xc32/v1.44/bin/bin/../../lib/gcc/pic32mx/4.8.3/../../../../pic32mx/lib\libpic32.a(default-on-reset.o)
 .debug_frame   0x00002d94       0x20 c:/program files (x86)/microchip/xc32/v1.44/bin/bin/../../lib/gcc/pic32mx/4.8.3/../../../../pic32mx/lib\libpic32.a(default-on-bootstrap.o)
 .debug_frame   0x00002db4       0x2c c:/program files (x86)/microchip/xc32/v1.44/bin/bin/../../lib/gcc/pic32mx/4.8.3/../../../../pic32mx/lib\libpic32.a(default-general-exception-handler.o)
 .debug_frame   0x00002de0       0x20 c:/program files (x86)/microchip/xc32/v1.44/bin/bin/../../lib/gcc/pic32mx/4.8.3/../../../../pic32mx/lib\libpic32.a(defaultinterrupt.o)
 .debug_frame   0x00002e00       0x28 c:/program files (x86)/microchip/xc32/v1.44/bin/bin/../../lib/gcc/pic32mx/4.8.3/../../../../pic32mx/lib\libc.a(printf_cdnopuxX.eo)
 .debug_frame   0x00002e28       0x38 c:/program files (x86)/microchip/xc32/v1.44/bin/bin/../../lib/gcc/pic32mx/4.8.3/../../../../pic32mx/lib\libc.a(doprnt_cdnopuxX.eo)
 .debug_frame   0x00002e60       0x2c c:/program files (x86)/microchip/xc32/v1.44/bin/bin/../../lib/gcc/pic32mx/4.8.3/../../../../pic32mx/lib\libc.a(_fputc_simple.o)
 .debug_frame   0x00002e8c       0x28 c:/program files (x86)/microchip/xc32/v1.44/bin/bin/../../lib/gcc/pic32mx/4.8.3/../../../../pic32mx/lib\libc.a(_flsbuf_simple.o)
 .debug_frame   0x00002eb4       0x20 c:/program files (x86)/microchip/xc32/v1.44/bin/bin/../../lib/gcc/pic32mx/4.8.3\libgcc.a(_udivdi3.o)
 .debug_frame   0x00002ed4       0x20 c:/program files (x86)/microchip/xc32/v1.44/bin/bin/../../lib/gcc/pic32mx/4.8.3\libgcc.a(_umoddi3.o)
 .debug_frame   0x00002ef4       0x38 c:/program files (x86)/microchip/xc32/v1.44/bin/bin/../../lib/gcc/pic32mx/4.8.3/../../../../pic32mx/lib\libpic32.a(write.o)
 .debug_frame   0x00002f2c       0x28 c:/program files (x86)/microchip/xc32/v1.44/bin/bin/../../lib/gcc/pic32mx/4.8.3/../../../../pic32mx/lib\libpic32.a(_mon_putc.o)

.debug_str      0x00000000      0x501
 *(.debug_str)
 .debug_str     0x00000000      0x131 build/default/production/_ext/449926602/ble_api.o
 .debug_str     0x00000131       0x9b build/default/production/_ext/449926602/ble_manager.o
 .debug_str     0x000001cc      0x127 build/default/production/_ext/449926602/bm_application_mode.o
 .debug_str     0x000002f3       0x8d build/default/production/_ext/449926602/bm_program_mode.o
 .debug_str     0x00000380        0x0 build/default/production/_ext/449926602/bm_utils.o
 .debug_str     0x00000380       0x41 build/default/production/_ext/449926602/dfu_api.o
 .debug_str     0x000003c1       0x23 build/default/production/_ext/449926602/dfu_manager.o
 .debug_str     0x000003e4        0x0 build/default/production/_ext/449926602/event_mem.o
 .debug_str     0x000003e4        0x0 build/default/production/_ext/449926602/fifo.o
 .debug_str     0x000003e4       0x3c build/default/production/_ext/449926602/interface.o
 .debug_str     0x00000420        0x0 build/default/production/_ext/449926602/memory.o
 .debug_str     0x00000420       0x2b build/default/production/_ext/449926602/platform_pic.o
 .debug_str     0x0000044b        0x0 build/default/production/_ext/1819808422/clear_core_sw0_leg_lib.o
 .debug_str     0x0000044b        0x0 build/default/production/_ext/1819808422/clear_core_sw0_lib.o
 .debug_str     0x0000044b        0x0 build/default/production/_ext/1819808422/clear_core_sw1_leg_lib.o
 .debug_str     0x0000044b        0x0 build/default/production/_ext/1819808422/clear_core_sw1_lib.o
 .debug_str     0x0000044b        0x0 build/default/production/_ext/1819808422/int_configure_system_lib.o
 .debug_str     0x0000044b        0x0 build/default/production/_ext/1819808422/int_disable_interrupts_lib.o
 .debug_str     0x0000044b        0x0 build/default/production/_ext/1819808422/int_enable_interrupts_lib.o
 .debug_str     0x0000044b        0x0 build/default/production/_ext/1819808422/int_enable_mv_int_lib.o
 .debug_str     0x0000044b        0x0 build/default/production/_ext/1819808422/int_enable_sv_int_lib.o
 .debug_str     0x0000044b        0x0 build/default/production/_ext/1819808422/int_get_pending_int_lib.o
 .debug_str     0x0000044b        0x0 build/default/production/_ext/1819808422/int_restore_interrupts_lib.o
 .debug_str     0x0000044b        0x0 build/default/production/_ext/1819808422/int_set_ebase_lib.o
 .debug_str     0x0000044b        0x0 build/default/production/_ext/1819808422/int_set_ebase_vs_lib.o
 .debug_str     0x0000044b        0x0 build/default/production/_ext/1819808422/int_set_vector_spacing_lib.o
 .debug_str     0x0000044b        0x0 build/default/production/_ext/1819808422/int_tbl_5xx_6xx_7xx_lib.o
 .debug_str     0x0000044b       0x1c build/default/production/_ext/1819808422/int_tbl_legacy_lib.o
 .debug_str     0x00000467        0x7 build/default/production/_ext/1819808422/int_tbl_lib.o
 .debug_str     0x0000046e        0x7 build/default/production/_ext/1819808422/int_tbl_lib_obs.o
 .debug_str     0x00000475        0x0 build/default/production/_ext/1819808422/set_core_sw0_leg_lib.o
 .debug_str     0x00000475        0x0 build/default/production/_ext/1819808422/set_core_sw0_lib.o
 .debug_str     0x00000475        0x0 build/default/production/_ext/1819808422/set_core_sw1_leg_lib.o
 .debug_str     0x00000475        0x0 build/default/production/_ext/1819808422/set_core_sw1_lib.o
 .debug_str     0x00000475        0x0 build/default/production/_ext/1986190483/pcache.o
 .debug_str     0x00000475       0x1a build/default/production/_ext/2046243727/uart_lib.o
 .debug_str     0x0000048f        0x9 build/default/production/_ext/8382566/time.o
 .debug_str     0x00000498       0x1c build/default/production/_ext/8382566/uart_app.o
 .debug_str     0x000004b4       0x19 build/default/production/_ext/8382566/uart_drv.o
 .debug_str     0x000004cd       0x34 build/default/production/_ext/1472/main.o
 .debug_str     0x00000501        0x0 c:/program files (x86)/microchip/xc32/v1.44/bin/bin/../../lib/gcc/pic32mx/4.8.3/../../../../pic32mx/lib\libpic32.a(default-bootstrap-exception-handler.o)
 .debug_str     0x00000501        0x0 c:/program files (x86)/microchip/xc32/v1.44/bin/bin/../../lib/gcc/pic32mx/4.8.3/../../../../pic32mx/lib\libpic32.a(default-on-reset.o)
 .debug_str     0x00000501        0x0 c:/program files (x86)/microchip/xc32/v1.44/bin/bin/../../lib/gcc/pic32mx/4.8.3/../../../../pic32mx/lib\libpic32.a(default-on-bootstrap.o)
 .debug_str     0x00000501        0x0 c:/program files (x86)/microchip/xc32/v1.44/bin/bin/../../lib/gcc/pic32mx/4.8.3/../../../../pic32mx/lib\libpic32.a(default-general-exception-handler.o)
 .debug_str     0x00000501        0x0 c:/program files (x86)/microchip/xc32/v1.44/bin/bin/../../lib/gcc/pic32mx/4.8.3/../../../../pic32mx/lib\libpic32.a(defaultinterrupt.o)
 .debug_str     0x00000501        0x0 c:/program files (x86)/microchip/xc32/v1.44/bin/bin/../../lib/gcc/pic32mx/4.8.3/../../../../pic32mx/lib\libc.a(printf_cdnopuxX.eo)
 .debug_str     0x00000501        0x0 c:/program files (x86)/microchip/xc32/v1.44/bin/bin/../../lib/gcc/pic32mx/4.8.3/../../../../pic32mx/lib\libc.a(_iob.o)
 .debug_str     0x00000501        0x0 c:/program files (x86)/microchip/xc32/v1.44/bin/bin/../../lib/gcc/pic32mx/4.8.3/../../../../pic32mx/lib\libc.a(doprnt_cdnopuxX.eo)
 .debug_str     0x00000501        0x0 c:/program files (x86)/microchip/xc32/v1.44/bin/bin/../../lib/gcc/pic32mx/4.8.3/../../../../pic32mx/lib\libc.a(_fputc_simple.o)
 .debug_str     0x00000501        0x0 c:/program files (x86)/microchip/xc32/v1.44/bin/bin/../../lib/gcc/pic32mx/4.8.3/../../../../pic32mx/lib\libc.a(ctype.o)
 .debug_str     0x00000501        0x0 c:/program files (x86)/microchip/xc32/v1.44/bin/bin/../../lib/gcc/pic32mx/4.8.3/../../../../pic32mx/lib\libc.a(_flsbuf_simple.o)
 .debug_str     0x00000501        0x0 c:/program files (x86)/microchip/xc32/v1.44/bin/bin/../../lib/gcc/pic32mx/4.8.3\libgcc.a(_udivdi3.o)
 .debug_str     0x00000501        0x0 c:/program files (x86)/microchip/xc32/v1.44/bin/bin/../../lib/gcc/pic32mx/4.8.3\libgcc.a(_umoddi3.o)
 .debug_str     0x00000501        0x0 c:/program files (x86)/microchip/xc32/v1.44/bin/bin/../../lib/gcc/pic32mx/4.8.3/../../../../pic32mx/lib\libpic32.a(write.o)
 .debug_str     0x00000501        0x0 c:/program files (x86)/microchip/xc32/v1.44/bin/bin/../../lib/gcc/pic32mx/4.8.3/../../../../pic32mx/lib\libpic32.a(_mon_putc.o)
 .debug_str     0x00000501        0x0 c:/program files (x86)/microchip/xc32/v1.44/bin/bin/../../lib/gcc/pic32mx/4.8.3/../../../../pic32mx/lib\libpic32.a(xc32_uart.o)

.debug_loc      0x00000000     0x1557
 *(.debug_loc)